Component: ARM Compiler 5.05 update 1 (build 106) Tool: armlink [4d0efa]

==============================================================================

Section Cross References

    startup_stm32f407xx.o(RESET) refers to startup_stm32f407xx.o(STACK) for __initial_sp
    startup_stm32f407xx.o(RESET) refers to startup_stm32f407xx.o(.text) for Reset_Handler
    startup_stm32f407xx.o(RESET) refers to stm32f4xx_it.o(i.NMI_Handler) for NMI_Handler
    startup_stm32f407xx.o(RESET) refers to stm32f4xx_it.o(i.HardFault_Handler) for HardFault_Handler
    startup_stm32f407xx.o(RESET) refers to stm32f4xx_it.o(i.MemManage_Handler) for MemManage_Handler
    startup_stm32f407xx.o(RESET) refers to stm32f4xx_it.o(i.BusFault_Handler) for BusFault_Handler
    startup_stm32f407xx.o(RESET) refers to stm32f4xx_it.o(i.UsageFault_Handler) for UsageFault_Handler
    startup_stm32f407xx.o(RESET) refers to port.o(.emb_text) for SVC_Handler
    startup_stm32f407xx.o(RESET) refers to stm32f4xx_it.o(i.DebugMon_Handler) for DebugMon_Handler
    startup_stm32f407xx.o(RESET) refers to port.o(i.SysTick_Handler) for SysTick_Handler
    startup_stm32f407xx.o(RESET) refers to stm32f4xx_it.o(i.DMA1_Stream1_IRQHandler) for DMA1_Stream1_IRQHandler
    startup_stm32f407xx.o(RESET) refers to stm32f4xx_it.o(i.DMA1_Stream3_IRQHandler) for DMA1_Stream3_IRQHandler
    startup_stm32f407xx.o(RESET) refers to stm32f4xx_it.o(i.CAN1_TX_IRQHandler) for CAN1_TX_IRQHandler
    startup_stm32f407xx.o(RESET) refers to stm32f4xx_it.o(i.CAN1_RX0_IRQHandler) for CAN1_RX0_IRQHandler
    startup_stm32f407xx.o(RESET) refers to stm32f4xx_it.o(i.USART1_IRQHandler) for USART1_IRQHandler
    startup_stm32f407xx.o(RESET) refers to stm32f4xx_it.o(i.USART2_IRQHandler) for USART2_IRQHandler
    startup_stm32f407xx.o(RESET) refers to stm32f4xx_it.o(i.USART3_IRQHandler) for USART3_IRQHandler
    startup_stm32f407xx.o(RESET) refers to stm32f4xx_it.o(i.TIM8_TRG_COM_TIM14_IRQHandler) for TIM8_TRG_COM_TIM14_IRQHandler
    startup_stm32f407xx.o(RESET) refers to stm32f4xx_it.o(i.UART4_IRQHandler) for UART4_IRQHandler
    startup_stm32f407xx.o(RESET) refers to stm32f4xx_it.o(i.TIM6_DAC_IRQHandler) for TIM6_DAC_IRQHandler
    startup_stm32f407xx.o(RESET) refers to stm32f4xx_it.o(i.TIM7_IRQHandler) for TIM7_IRQHandler
    startup_stm32f407xx.o(RESET) refers to stm32f4xx_it.o(i.DMA2_Stream2_IRQHandler) for DMA2_Stream2_IRQHandler
    startup_stm32f407xx.o(RESET) refers to stm32f4xx_it.o(i.CAN2_TX_IRQHandler) for CAN2_TX_IRQHandler
    startup_stm32f407xx.o(RESET) refers to stm32f4xx_it.o(i.CAN2_RX0_IRQHandler) for CAN2_RX0_IRQHandler
    startup_stm32f407xx.o(RESET) refers to stm32f4xx_it.o(i.USART6_IRQHandler) for USART6_IRQHandler
    startup_stm32f407xx.o(.text) refers to system_stm32f4xx.o(i.SystemInit) for SystemInit
    startup_stm32f407xx.o(.text) refers to entry.o(.ARM.Collect$$$$00000000) for __main
    main.o(i.HAL_TIM_PeriodElapsedCallback) refers to stm32f4xx_hal.o(i.HAL_IncTick) for HAL_IncTick
    main.o(i.HAL_TIM_PeriodElapsedCallback) refers to memcpya.o(.text) for __aeabi_memcpy4
    main.o(i.HAL_TIM_PeriodElapsedCallback) refers to memseta.o(.text) for __aeabi_memclr4
    main.o(i.HAL_TIM_PeriodElapsedCallback) refers to stm32f4xx_hal_iwdg.o(i.HAL_IWDG_Refresh) for HAL_IWDG_Refresh
    main.o(i.HAL_TIM_PeriodElapsedCallback) refers to tim.o(.bss) for Observer
    main.o(i.HAL_TIM_PeriodElapsedCallback) refers to iwdg.o(.bss) for hiwdg
    main.o(i.SystemClock_Config) refers to memseta.o(.text) for __aeabi_memclr4
    main.o(i.SystemClock_Config) refers to stm32f4xx_hal_rcc.o(i.HAL_RCC_OscConfig) for HAL_RCC_OscConfig
    main.o(i.SystemClock_Config) refers to main.o(i.Error_Handler) for Error_Handler
    main.o(i.SystemClock_Config) refers to stm32f4xx_hal_rcc.o(i.HAL_RCC_ClockConfig) for HAL_RCC_ClockConfig
    main.o(i.main) refers to stm32f4xx_hal.o(i.HAL_Init) for HAL_Init
    main.o(i.main) refers to main.o(i.SystemClock_Config) for SystemClock_Config
    main.o(i.main) refers to gpio.o(i.MX_GPIO_Init) for MX_GPIO_Init
    main.o(i.main) refers to dma.o(i.MX_DMA_Init) for MX_DMA_Init
    main.o(i.main) refers to usart.o(i.MX_USART1_UART_Init) for MX_USART1_UART_Init
    main.o(i.main) refers to usart.o(i.MX_USART2_UART_Init) for MX_USART2_UART_Init
    main.o(i.main) refers to can.o(i.MX_CAN1_Init) for MX_CAN1_Init
    main.o(i.main) refers to can.o(i.MX_CAN2_Init) for MX_CAN2_Init
    main.o(i.main) refers to i2c.o(i.MX_I2C1_Init) for MX_I2C1_Init
    main.o(i.main) refers to usart.o(i.MX_UART4_Init) for MX_UART4_Init
    main.o(i.main) refers to spi.o(i.MX_SPI1_Init) for MX_SPI1_Init
    main.o(i.main) refers to tim.o(i.MX_TIM7_Init) for MX_TIM7_Init
    main.o(i.main) refers to tim.o(i.MX_TIM14_Init) for MX_TIM14_Init
    main.o(i.main) refers to adc.o(i.MX_ADC1_Init) for MX_ADC1_Init
    main.o(i.main) refers to tim.o(i.MX_TIM1_Init) for MX_TIM1_Init
    main.o(i.main) refers to usart.o(i.MX_USART3_UART_Init) for MX_USART3_UART_Init
[...]
    UsageFault_Handler                       0x0800cb49   Thumb Code     4  stm32f4xx_it.o(i.UsageFault_Handler)
    Vision_RecvData                          0x0800cb4d   Thumb Code   212  vision.o(i.Vision_RecvData)
    Vision_SendData                          0x0800cc35   Thumb Code   304  vision.o(i.Vision_SendData)
    __0sprintf                               0x0800cd81   Thumb Code    34  printfa.o(i.__0sprintf)
    __1sprintf                               0x0800cd81   Thumb Code     0  printfa.o(i.__0sprintf)
    __2sprintf                               0x0800cd81   Thumb Code     0  printfa.o(i.__0sprintf)
    __c89sprintf                             0x0800cd81   Thumb Code     0  printfa.o(i.__0sprintf)
    sprintf                                  0x0800cd81   Thumb Code     0  printfa.o(i.__0sprintf)
    __0vsprintf                              0x0800cda9   Thumb Code    30  printfa.o(i.__0vsprintf)
    __1vsprintf                              0x0800cda9   Thumb Code     0  printfa.o(i.__0vsprintf)
    __2vsprintf                              0x0800cda9   Thumb Code     0  printfa.o(i.__0vsprintf)
    __c89vsprintf                            0x0800cda9   Thumb Code     0  printfa.o(i.__0vsprintf)
    vsprintf                                 0x0800cda9   Thumb Code     0  printfa.o(i.__0vsprintf)
    __ARM_fpclassifyf                        0x0800cdcd   Thumb Code    38  fpclassifyf.o(i.__ARM_fpclassifyf)
    __HAL_DMA_GET_CURRDATCOUT                0x0800cdf3   Thumb Code    10  usart.o(i.__HAL_DMA_GET_CURRDATCOUT)
    __HAL_DMA_GET_CURRMEMTAR                 0x0800cdfd   Thumb Code    20  usart.o(i.__HAL_DMA_GET_CURRMEMTAR)
    __hardfp_powf                            0x0800ce49   Thumb Code  1518  powf.o(i.__hardfp_powf)
    __mathlib_powf                           0x0800ce49   Thumb Code     0  powf.o(i.__hardfp_powf)
    __mathlib_flt_divzero                    0x0800d455   Thumb Code    14  funder.o(i.__mathlib_flt_divzero)
    __mathlib_flt_infnan2                    0x0800d469   Thumb Code     6  funder.o(i.__mathlib_flt_infnan2)
    __mathlib_flt_invalid                    0x0800d471   Thumb Code    10  funder.o(i.__mathlib_flt_invalid)
    __mathlib_flt_overflow                   0x0800d481   Thumb Code    10  funder.o(i.__mathlib_flt_overflow)
    __mathlib_flt_underflow                  0x0800d491   Thumb Code    10  funder.o(i.__mathlib_flt_underflow)
    __scatterload_copy                       0x0800d4a1   Thumb Code    14  handlers.o(i.__scatterload_copy)
    __scatterload_null                       0x0800d4af   Thumb Code     2  handlers.o(i.__scatterload_null)
    __scatterload_zeroinit                   0x0800d4b1   Thumb Code    14  handlers.o(i.__scatterload_zeroinit)
    __set_errno                              0x0800d4c1   Thumb Code     6  errno.o(i.__set_errno)
    append_crc16_check_sum                   0x0800dd69   Thumb Code    44  protocol.o(i.append_crc16_check_sum)
    append_crc8_check_sum                    0x0800dd99   Thumb Code    38  protocol.o(i.append_crc8_check_sum)
    constrain_int16_t                        0x0800ddbf   Thumb Code    22  misc_func.o(i.constrain_int16_t)
    data_packet_pack                         0x0800de11   Thumb Code    54  dma_unpack.o(i.data_packet_pack)
    dma_buffer_to_unpack_buffer              0x0800de4d   Thumb Code   184  dma_unpack.o(i.dma_buffer_to_unpack_buffer)
    fast_cos                                 0x0800df05   Thumb Code   112  fast_tri_func.o(i.fast_cos)
    fast_sin                                 0x0800df7d   Thumb Code    16  fast_tri_func.o(i.fast_sin)
    fifo_s_get                               0x0800df8d   Thumb Code    54  data_fifo.o(i.fifo_s_get)
    fifo_s_init                              0x0800dfc3   Thumb Code    54  data_fifo.o(i.fifo_s_init)
    fifo_s_puts                              0x0800dff9   Thumb Code    86  data_fifo.o(i.fifo_s_puts)
    fifo_used_count                          0x0800e04f   Thumb Code    16  data_fifo.o(i.fifo_used_count)
    get_crc16_check_sum                      0x0800e0d5   Thumb Code    46  protocol.o(i.get_crc16_check_sum)
    get_crc8_check_sum                       0x0800e109   Thumb Code    32  protocol.o(i.get_crc8_check_sum)
    get_dma_memory_msg                       0x0800e12d   Thumb Code    26  dma_unpack.o(i.get_dma_memory_msg)
    get_eular                                0x0800e149   Thumb Code    14  imu_data_decode.o(i.get_eular)
    get_raw_gyo                              0x0800e15d   Thumb Code    16  imu_data_decode.o(i.get_raw_gyo)
    imu_data_decode_init                     0x0800e171   Thumb Code    14  imu_data_decode.o(i.imu_data_decode_init)
    judge_rx_handler                         0x0800e199   Thumb Code   338  judge_rx.o(i.judge_rx_handler)
    judge_unpack_fifo_data                   0x0800e2f1   Thumb Code   352  dma_unpack.o(i.judge_unpack_fifo_data)
    main                                     0x0800e451   Thumb Code   152  main.o(i.main)
    osDelay                                  0x0800e4f7   Thumb Code    24  cmsis_os.o(i.osDelay)
    osKernelStart                            0x0800e50f   Thumb Code    10  cmsis_os.o(i.osKernelStart)
    osMessageCreate                          0x0800e519   Thumb Code    40  cmsis_os.o(i.osMessageCreate)
    osMessageGet                             0x0800e541   Thumb Code   150  cmsis_os.o(i.osMessageGet)
    osMessagePut                             0x0800e5dd   Thumb Code    92  cmsis_os.o(i.osMessagePut)
    osThreadCreate                           0x0800e63d   Thumb Code    94  cmsis_os.o(i.osThreadCreate)
    pid_absolute_update                      0x0800e69b   Thumb Code   258  pid.o(i.pid_absolute_update)
    pid_increment_update                     0x0800e79d   Thumb Code   192  pid.o(i.pid_increment_update)
    pid_init_absolute                        0x0800e85d   Thumb Code    22  pid.o(i.pid_init_absolute)
    pid_init_increment                       0x0800e873   Thumb Code    18  pid.o(i.pid_init_increment)
    protocol_packet_pack                     0x0800e885   Thumb Code   108  dma_unpack.o(i.protocol_packet_pack)
    pvPortMalloc                             0x0800eefd   Thumb Code   296  heap_4.o(i.pvPortMalloc)
    pxPortInitialiseStack                    0x0800f039   Thumb Code    38  port.o(i.pxPortInitialiseStack)
    s16Follow_Holder_Spin                    0x0800f065   Thumb Code    52  chassis.o(i.s16Follow_Holder_Spin)
    s16Follow_Speed_Spin                     0x0800f09d   Thumb Code    26  chassis.o(i.s16Follow_Speed_Spin)
    s16Holder_Follow_GetMoveData             0x0800f0bd   Thumb Code    38  chassis.o(i.s16Holder_Follow_GetMoveData)
    taskChassis                              0x0800f0e9   Thumb Code    78  freertos.o(i.taskChassis)
    taskHolder                               0x0800f141   Thumb Code   150  freertos.o(i.taskHolder)
    taskJudge                                0x0800f1e5   Thumb Code    18  freertos.o(i.taskJudge)
    taskKey                                  0x0800f1f7   Thumb Code    14  freertos.o(i.taskKey)
    taskLED                                  0x0800f205   Thumb Code   158  freertos.o(i.taskLED)
    taskMsg                                  0x0800f2b5   Thumb Code    72  freertos.o(i.taskMsg)
    taskShoot                                0x0800f30d   Thumb Code    78  freertos.o(i.taskShoot)
    taskUI                                   0x0800f365   Thumb Code    18  freertos.o(i.taskUI)
    uart1_dma_callback                       0x0800f379   Thumb Code    18  usart.o(i.uart1_dma_callback)
    uart3_dma_m0_callback                    0x0800f391   Thumb Code     2  usart.o(i.uart3_dma_m0_callback)
    uart3_dma_m1_callback                    0x0800f393   Thumb Code     2  usart.o(i.uart3_dma_m1_callback)
    uxListRemove                             0x0800f395   Thumb Code    40  list.o(i.uxListRemove)
    vApplicationGetIdleTaskMemory            0x0800f3bd   Thumb Code    14  freertos.o(i.vApplicationGetIdleTaskMemory)
    vListInitialise                          0x0800f3d5   Thumb Code    26  list.o(i.vListInitialise)
    vListInitialiseItem                      0x0800f3ef   Thumb Code     6  list.o(i.vListInitialiseItem)
    vListInsert                              0x0800f3f5   Thumb Code    52  list.o(i.vListInsert)
    vListInsertEnd                           0x0800f429   Thumb Code    24  list.o(i.vListInsertEnd)
    vPortEnterCritical                       0x0800f441   Thumb Code    76  port.o(i.vPortEnterCritical)
    vPortExitCritical                        0x0800f495   Thumb Code    56  port.o(i.vPortExitCritical)
    vPortFree                                0x0800f4d1   Thumb Code   140  heap_4.o(i.vPortFree)
    vPortSetupTimerInterrupt                 0x0800f565   Thumb Code    36  port.o(i.vPortSetupTimerInterrupt)
    vPortValidateInterruptPriority           0x0800f58d   Thumb Code   106  port.o(i.vPortValidateInterruptPriority)
    vTaskDelay                               0x0800f605   Thumb Code    82  tasks.o(i.vTaskDelay)
    vTaskInternalSetTimeOutState             0x0800f661   Thumb Code    14  tasks.o(i.vTaskInternalSetTimeOutState)
    vTaskMissedYield                         0x0800f679   Thumb Code     8  tasks.o(i.vTaskMissedYield)
    vTaskPlaceOnEventList                    0x0800f685   Thumb Code    52  tasks.o(i.vTaskPlaceOnEventList)
    vTaskStartScheduler                      0x0800f6bd   Thumb Code   146  tasks.o(i.vTaskStartScheduler)
    vTaskSuspendAll                          0x0800f76d   Thumb Code    12  tasks.o(i.vTaskSuspendAll)
    vTaskSwitchContext                       0x0800f77d   Thumb Code   118  tasks.o(i.vTaskSwitchContext)
    verify_crc16_check_sum                   0x0800f809   Thumb Code    60  protocol.o(i.verify_crc16_check_sum)
    verify_crc8_check_sum                    0x0800f849   Thumb Code    48  protocol.o(i.verify_crc8_check_sum)
    xPortStartScheduler                      0x0800f879   Thumb Code   330  port.o(i.xPortStartScheduler)
    xQueueGenericCreate                      0x0800f9e1   Thumb Code    96  queue.o(i.xQueueGenericCreate)
    xQueueGenericCreateStatic                0x0800fa41   Thumb Code   224  queue.o(i.xQueueGenericCreateStatic)
    xQueueGenericReset                       0x0800fb21   Thumb Code   146  queue.o(i.xQueueGenericReset)
    xQueueGenericSend                        0x0800fbb9   Thumb Code   420  queue.o(i.xQueueGenericSend)
    xQueueGenericSendFromISR                 0x0800fd61   Thumb Code   248  queue.o(i.xQueueGenericSendFromISR)
    xQueueReceive                            0x0800fe59   Thumb Code   356  queue.o(i.xQueueReceive)
    xQueueReceiveFromISR                     0x0800ffc1   Thumb Code   202  queue.o(i.xQueueReceiveFromISR)
    xTaskCheckForTimeOut                     0x0801008d   Thumb Code   132  tasks.o(i.xTaskCheckForTimeOut)
    xTaskCreate                              0x08010119   Thumb Code   100  tasks.o(i.xTaskCreate)
    xTaskCreateStatic                        0x0801017d   Thumb Code   186  tasks.o(i.xTaskCreateStatic)
    xTaskGetSchedulerState                   0x08010239   Thumb Code    24  tasks.o(i.xTaskGetSchedulerState)
    xTaskIncrementTick                       0x08010259   Thumb Code   282  tasks.o(i.xTaskIncrementTick)
    xTaskPriorityDisinherit                  0x080103a1   Thumb Code   188  tasks.o(i.xTaskPriorityDisinherit)
    xTaskRemoveFromEventList                 0x08010469   Thumb Code   128  tasks.o(i.xTaskRemoveFromEventList)
    xTaskResumeAll                           0x08010501   Thumb Code   224  tasks.o(i.xTaskResumeAll)
    F6x8                                     0x0801072c   Data         552  oled.o(.constdata)
    CSU_FYT                                  0x08010954   Data        1024  oled.o(.constdata)
    AHBPrescTable                            0x08010d54   Data          16  system_stm32f4xx.o(.constdata)
    APBPrescTable                            0x08010d64   Data           8  system_stm32f4xx.o(.constdata)
    CRC8_INIT                                0x08010d6c   Data           1  protocol.o(.constdata)
    CRC8_TAB                                 0x08010d6d   Data         256  protocol.o(.constdata)
    wCRC_Table                               0x08010e6e   Data         512  protocol.o(.constdata)
    Region$$Table$$Base                      0x08011260   Number         0  anon$$obj.o(Region$$Table)
    Region$$Table$$Limit                     0x08011280   Number         0  anon$$obj.o(Region$$Table)
    LEDHandle                                0x20000000   Data           4  freertos.o(.data)
    MSGHandle                                0x20000004   Data           4  freertos.o(.data)
    UIHandle                                 0x20000008   Data           4  freertos.o(.data)
    KEYHandle                                0x2000000c   Data           4  freertos.o(.data)
    ChassisHandle                            0x20000010   Data           4  freertos.o(.data)
    HolderHandle                             0x20000014   Data           4  freertos.o(.data)
    ShootHandle                              0x20000018   Data           4  freertos.o(.data)
    JudgeHandle                              0x2000001c   Data           4  freertos.o(.data)
    RDtHMsgHandle                            0x20000020   Data           4  freertos.o(.data)
    RDtCMsgHandle                            0x20000024   Data           4  freertos.o(.data)
    RDtSMsgHandle                            0x20000028   Data           4  freertos.o(.data)
    HDtHMsgHandle                            0x2000002c   Data           4  freertos.o(.data)
    DirAngle                                 0x20000030   Data           4  can.o(.data)
    uart_tmp                                 0x20000038   Data           1  usart.o(.data)
    uart3_dma_flag                           0x20000039   Data           1  usart.o(.data)
    uart3_idle_flag                          0x2000003a   Data           1  usart.o(.data)
    cmdf                                     0x2000003b   Data           2  usart.o(.data)
    cmdr                                     0x2000003d   Data           2  usart.o(.data)
    uwTick                                   0x20000040   Data           4  stm32f4xx_hal.o(.data)
    uwTickPrio                               0x20000044   Data           4  stm32f4xx_hal.o(.data)
    uwTickFreq                               0x20000048   Data           1  stm32f4xx_hal.o(.data)
    KeyMsg                                   0x20000049   Data          40  key.o(.data)
    key_msg_rear                             0x20000071   Data           1  key.o(.data)
    key_msg_front                            0x20000072   Data           1  key.o(.data)
    key_msg_flag                             0x20000073   Data           1  key.o(.data)
    KeyTime                                  0x20000074   Data           4  key.o(.data)
    flag_oled                                0x20000078   Data           1  oled.o(.data)
    SystemCoreClock                          0x200000a4   Data           4  system_stm32f4xx.o(.data)
    pxCurrentTCB                             0x200000a8   Data           4  tasks.o(.data)
    shoot_rate                               0x2000011e   Data           2  ui.o(.data)
    UI_Key                                   0x20000120   Data           2  ui_lib.o(.data)
    IsUIPageMain                             0x20000122   Data           1  ui_lib.o(.data)
    Cursor                                   0x20000123   Data           1  ui_lib.o(.data)
    Cursor_last                              0x20000124   Data           1  ui_lib.o(.data)
    NowPage                                  0x20000125   Data           1  ui_lib.o(.data)
    Menustatus                               0x20000126   Data           1  ui_lib.o(.data)
    uintForNow                               0x20000127   Data           1  ui_lib.o(.data)
    DataInterval                             0x20000128   Data           4  ui_lib.o(.data)
    uintArray                                0x2000012c   Data          36  ui_lib.o(.data)
    DataToChangeNum                          0x20000150   Data           1  ui_lib.o(.data)
    global_vision_state                      0x20000152   Data           1  vision.o(.data)
    vData_x                                  0x20000154   Data           2  vision.o(.data)
    vData_y                                  0x20000156   Data           2  vision.o(.data)
    vData_z                                  0x20000158   Data           2  vision.o(.data)
    CRC_INIT                                 0x20000160   Data           2  protocol.o(.data)
    _fast_cos                                0x20000164   Data         364  fast_tri_func.o(.data)
    JudgeUI_lid_state                        0x200002d0   Data           1  judge.o(.data)
    JudgeUI_spin_state                       0x200002d1   Data           1  judge.o(.data)
    JudgeUI_vision_state                     0x200002d2   Data           1  judge.o(.data)
    Chassis_Speed_Kp                         0x200002dc   Data           4  chassis.o(.data)
    Chassis_Speed_Ki                         0x200002e0   Data           4  chassis.o(.data)
    Chassis_Speed_Kd                         0x200002e4   Data           4  chassis.o(.data)
    Chassis_Speed_Inc_Limit                  0x200002e8   Data           4  chassis.o(.data)
    Chassis_Current_Kp                       0x200002ec   Data           4  chassis.o(.data)
    Chassis_Current_Ki                       0x200002f0   Data           4  chassis.o(.data)
    Chassis_Current_Kd                       0x200002f4   Data           4  chassis.o(.data)
    Chassis_Current_Inc_Limit                0x200002f8   Data           4  chassis.o(.data)
    Chassis_Out_Limit                        0x200002fc   Data           4  chassis.o(.data)
    Move_Spin_Bias                           0x20000300   Data           4  chassis.o(.data)
    Move_Spin_Limit                          0x20000304   Data           4  chassis.o(.data)
    front_temp                               0x20000308   Data           2  chassis.o(.data)
    right_temp                               0x2000030a   Data           2  chassis.o(.data)
    fmax_speed_spin                          0x2000030c   Data           4  chassis.o(.data)
    fmax_wheel_speed                         0x20000310   Data           4  chassis.o(.data)
    turn_round_state                         0x20000314   Data           1  chassis.o(.data)
    chassis_state                            0x20000315   Data           1  chassis.o(.data)
    s16_max_front_speed                      0x20000316   Data           2  chassis.o(.data)
    s16_max_right_speed                      0x20000318   Data           2  chassis.o(.data)
    imu_angle                                0x2000031c   Data           4  chassis.o(.data)
    motor_angle                              0x20000320   Data           4  chassis.o(.data)
    chassis_angle                            0x20000324   Data           4  chassis.o(.data)
    chassis_pitch_angle                      0x20000368   Data           4  chassis.o(.data)
    speed_up_state                           0x2000036c   Data           1  chassis.o(.data)
    chassis_now_speed                        0x2000036e   Data           6  chassis.o(.data)
    chassis_aim_speed                        0x20000374   Data           6  chassis.o(.data)
    rc_pitch_bias                            0x20000380   Data           4  holder.o(.data)
    rc_yaw_bias                              0x20000384   Data           4  holder.o(.data)
    key_pitch_bias                           0x20000388   Data           4  holder.o(.data)
    key_yaw_bias                             0x2000038c   Data           4  holder.o(.data)
    key_yaw_limit                            0x20000390   Data           4  holder.o(.data)
    Yaw_Angle_Tunning_Kp                     0x20000394   Data           4  holder.o(.data)
    Yaw_Angle_Min_Kp                         0x20000398   Data           4  holder.o(.data)
    Yaw_Angle_Tunning_Ki                     0x2000039c   Data           4  holder.o(.data)
    Yaw_Angle_Min_Ki                         0x200003a0   Data           4  holder.o(.data)
    Yaw_Angle_Kd                             0x200003a4   Data           4  holder.o(.data)
    Yaw_Angle_Vision_Tunning_Kp              0x200003a8   Data           4  holder.o(.data)
    Yaw_Angle_Vision_Min_Kp                  0x200003ac   Data           4  holder.o(.data)
    Yaw_Angle_Vision_Tunning_Ki              0x200003b0   Data           4  holder.o(.data)
    Yaw_Angle_Vision_Min_Ki                  0x200003b4   Data           4  holder.o(.data)
    Yaw_Angle_Vision_Kd                      0x200003b8   Data           4  holder.o(.data)
    Yaw_Speed_kp                             0x200003bc   Data           4  holder.o(.data)
    Yaw_Speed_ki                             0x200003c0   Data           4  holder.o(.data)
    Yaw_Speed_kd                             0x200003c4   Data           4  holder.o(.data)
    Yaw_Speed_Vision_kp                      0x200003c8   Data           4  holder.o(.data)
    Yaw_Speed_Vision_ki                      0x200003cc   Data           4  holder.o(.data)
    Yaw_Speed_Vision_kd                      0x200003d0   Data           4  holder.o(.data)
    Yaw_Angle_Lpf_Bias                       0x200003d4   Data           4  holder.o(.data)
    Yaw_Speed_Lpf_Bias                       0x200003d8   Data           4  holder.o(.data)
    Yaw_Angle_Kp_Limit                       0x200003dc   Data           4  holder.o(.data)
    Yaw_Angle_Ki_Limit                       0x200003e0   Data           4  holder.o(.data)
    Yaw_Speed_Kp_Limit                       0x200003e4   Data           4  holder.o(.data)
    Yaw_Speed_Ki_Limit                       0x200003e8   Data           4  holder.o(.data)
    Yaw_Angle_Vision_Kp_Limit                0x200003ec   Data           4  holder.o(.data)
    Yaw_Angle_Vision_Ki_Limit                0x200003f0   Data           4  holder.o(.data)
    Yaw_Output_Limit                         0x200003f4   Data           4  holder.o(.data)
    Pitch_Angle_Tunning_Kp                   0x200003f8   Data           4  holder.o(.data)
    Pitch_Angle_Min_Kp                       0x200003fc   Data           4  holder.o(.data)
    Pitch_Angle_Tunning_Ki                   0x20000400   Data           4  holder.o(.data)
    Pitch_Angle_Min_Ki                       0x20000404   Data           4  holder.o(.data)
    Pitch_Angle_Kd                           0x20000408   Data           4  holder.o(.data)
    Pitch_Angle_Vision_Tunning_Kp            0x2000040c   Data           4  holder.o(.data)
    Pitch_Angle_Vision_Min_Kp                0x20000410   Data           4  holder.o(.data)
    Pitch_Angle_Vision_Tunning_Ki            0x20000414   Data           4  holder.o(.data)
    Pitch_Angle_Vision_Min_Ki                0x20000418   Data           4  holder.o(.data)
    Pitch_Angle_Vision_Kd                    0x2000041c   Data           4  holder.o(.data)
    Pitch_Speed_kp                           0x20000420   Data           4  holder.o(.data)
    Pitch_Speed_ki                           0x20000424   Data           4  holder.o(.data)
    Pitch_Speed_kd                           0x20000428   Data           4  holder.o(.data)
    Pitch_Speed_Vision_kp                    0x2000042c   Data           4  holder.o(.data)
    Pitch_Speed_Vision_ki                    0x20000430   Data           4  holder.o(.data)
    Pitch_Speed_Vision_kd                    0x20000434   Data           4  holder.o(.data)
    Pitch_Angle_Lpf_Bias                     0x20000438   Data           4  holder.o(.data)
    Pitch_Speed_Lpf_Bias                     0x2000043c   Data           4  holder.o(.data)
    Pitch_Angle_Kp_Limit                     0x20000440   Data           4  holder.o(.data)
    Pitch_Angle_Ki_Limit                     0x20000444   Data           4  holder.o(.data)
    Pitch_Speed_Kp_Limit                     0x20000448   Data           4  holder.o(.data)
    Pitch_Speed_Ki_Limit                     0x2000044c   Data           4  holder.o(.data)
    Pitch_Angle_Vision_Kp_Limit              0x20000450   Data           4  holder.o(.data)
    Pitch_Angle_Vision_Ki_Limit              0x20000454   Data           4  holder.o(.data)
    Pitch_Output_Limit                       0x20000458   Data           4  holder.o(.data)
    Pinwheel_Yaw_Angle_Tunning_Kp            0x2000045c   Data           4  holder.o(.data)
    Pinwheel_Yaw_Angle_Min_Kp                0x20000460   Data           4  holder.o(.data)
    Pinwheel_Yaw_Angle_Tunning_Ki            0x20000464   Data           4  holder.o(.data)
    Pinwheel_Yaw_Angle_Min_Ki                0x20000468   Data           4  holder.o(.data)
    Pinwheel_Yaw_Angle_Kd                    0x2000046c   Data           4  holder.o(.data)
    Pinwheel_Pitch_Angle_Tunning_Kp          0x20000470   Data           4  holder.o(.data)
    Pinwheel_Pitch_Angle_Min_Kp              0x20000474   Data           4  holder.o(.data)
    Pinwheel_Pitch_Angle_Tunning_Ki          0x20000478   Data           4  holder.o(.data)
    Pinwheel_Pitch_Angle_Min_Ki              0x2000047c   Data           4  holder.o(.data)
    Pinwheel_Pitch_Angle_Kd                  0x20000480   Data           4  holder.o(.data)
    x                                        0x20000488   Data           4  holder.o(.data)
    y                                        0x2000048c   Data           4  holder.o(.data)
    vision_y_bias                            0x20000490   Data           4  holder.o(.data)
    vision_x_bias                            0x20000494   Data           4  holder.o(.data)
    vision_holder_speed                      0x2000049c   Data           4  holder.o(.data)
    vision_armor_speed_to_holder             0x200004a0   Data           4  holder.o(.data)
    vision_armor_speed                       0x200004a4   Data           4  holder.o(.data)
    vData_old                                0x200004a8   Data           4  holder.o(.data)
    vData_now                                0x200004ac   Data           4  holder.o(.data)
    Shoot_Freq_Out_Limit                     0x200004b4   Data           4  shoot.o(.data)
    Freq_Max                                 0x200004b8   Data           2  shoot.o(.data)
    Freq_Min                                 0x200004ba   Data           2  shoot.o(.data)
    Buf_Safety                               0x200004bc   Data           4  shoot.o(.data)
    Tar_Speed_Lim15                          0x200004c0   Data           4  shoot.o(.data)
    Tar_Speed_Lim18                          0x200004c4   Data           4  shoot.o(.data)
    Tar_Speed_Lim22                          0x200004c8   Data           4  shoot.o(.data)
    Tar_Speed_Lim30                          0x200004cc   Data           4  shoot.o(.data)
    Shoot_Speed_Max_M3508_Lim15              0x200004d0   Data           2  shoot.o(.data)
    Shoot_Speed_Max_M3508_Lim18              0x200004d2   Data           2  shoot.o(.data)
    Shoot_Speed_Max_M3508_Lim22              0x200004d4   Data           2  shoot.o(.data)
    Shoot_Speed_Max_M3508_Lim30              0x200004d6   Data           2  shoot.o(.data)
    M3508_Out_Limit                          0x200004d8   Data           4  shoot.o(.data)
    Shoot_Freq_Speed_Kp_M3508                0x200004dc   Data           4  shoot.o(.data)
    Shoot_Freq_Speed_Ki_M3508                0x200004e0   Data           4  shoot.o(.data)
    Shoot_Freq_Speed_Kd_M3508                0x200004e4   Data           4  shoot.o(.data)
    Shoot_Freq_Speed_Kp_Limit_M3508          0x200004e8   Data           4  shoot.o(.data)
    Shoot_Freq_Speed_Ki_Limit_M3508          0x200004ec   Data           4  shoot.o(.data)
    Shoot_Freq_Speed_Kp                      0x200004f0   Data           4  shoot.o(.data)
    Shoot_Freq_Speed_Ki                      0x200004f4   Data           4  shoot.o(.data)
    Shoot_Freq_Speed_Kd                      0x200004f8   Data           4  shoot.o(.data)
    Shoot_Freq_Speed_Kp_Limit                0x200004fc   Data           4  shoot.o(.data)
    Shoot_Freq_Speed_Ki_Limit                0x20000500   Data           4  shoot.o(.data)
    Shoot_Freq_Position_Kp                   0x20000504   Data           4  shoot.o(.data)
    Shoot_Freq_Position_Ki                   0x20000508   Data           4  shoot.o(.data)
    Shoot_Freq_Position_Kd                   0x2000050c   Data           4  shoot.o(.data)
    Shoot_Freq_Position_Kp_Limit             0x20000510   Data           4  shoot.o(.data)
    Shoot_Freq_Position_Ki_Limit             0x20000514   Data           4  shoot.o(.data)
    Pusel_Max_Lim15                          0x20000518   Data           2  shoot.o(.data)
    Pusel_Max_Lim18                          0x2000051a   Data           2  shoot.o(.data)
    Pusel_Max_Lim22                          0x2000051c   Data           2  shoot.o(.data)
    Pusel_Max_Lim30                          0x2000051e   Data           2  shoot.o(.data)
    Pulse_Min                                0x20000520   Data           2  shoot.o(.data)
    Pulse_Out                                0x20000522   Data           2  shoot.o(.data)
    posishoot_time                           0x20000524   Data           4  shoot.o(.data)
    heat17_limit                             0x20000528   Data           2  shoot.o(.data)
    s16shoot_freq                            0x2000052a   Data           2  shoot.o(.data)
    s16shoot_speed                           0x2000052c   Data           2  shoot.o(.data)
    cmp_position                             0x20000530   Data           4  shoot.o(.data)
    m3508_speed_now                          0x20000534   Data           4  shoot.o(.data)
    shoot_aim_pulse                          0x20000538   Data           2  shoot.o(.data)
    shoot_now_pulse                          0x2000053a   Data           2  shoot.o(.data)
    shoot_ramp_pulse                         0x2000053c   Data           2  shoot.o(.data)
    evt                                      0x20000548   Data          12  freertos.o(.bss)
    hadc1                                    0x200006a8   Data          72  adc.o(.bss)
    hcan1                                    0x200006f0   Data          40  can.o(.bss)
    hcan2                                    0x20000718   Data          40  can.o(.bss)
    CAN1TxMsg                                0x20000740   Data          24  can.o(.bss)
    CAN2TxMsg                                0x20000758   Data          24  can.o(.bss)
    hi2c1                                    0x20000770   Data          84  i2c.o(.bss)
    hiwdg                                    0x200007c4   Data          12  iwdg.o(.bss)
    hspi1                                    0x200007d0   Data          88  spi.o(.bss)
    Observer                                 0x20000828   Data          56  tim.o(.bss)
    htim1                                    0x20000860   Data          64  tim.o(.bss)
    htim3                                    0x200008a0   Data          64  tim.o(.bss)
    htim4                                    0x200008e0   Data          64  tim.o(.bss)
    htim7                                    0x20000920   Data          64  tim.o(.bss)
    htim9                                    0x20000960   Data          64  tim.o(.bss)
    htim14                                   0x200009a0   Data          64  tim.o(.bss)
    uart1_buf                                0x200009e0   Data          18  usart.o(.bss)
    uart3_m0_buf                             0x200009f2   Data        1024  usart.o(.bss)
    uart3_m1_buf                             0x20000df2   Data        1024  usart.o(.bss)
    uart3_tx_buf                             0x200011f2   Data         120  usart.o(.bss)
    uart6_rx_buf                             0x2000126a   Data         200  usart.o(.bss)
    huart4                                   0x20001334   Data          64  usart.o(.bss)
    huart1                                   0x20001374   Data          64  usart.o(.bss)
    huart2                                   0x200013b4   Data          64  usart.o(.bss)
    huart3                                   0x200013f4   Data          64  usart.o(.bss)
    huart6                                   0x20001434   Data          64  usart.o(.bss)
    hdma_usart1_rx                           0x20001474   Data          96  usart.o(.bss)
    hdma_usart3_rx                           0x200014d4   Data          96  usart.o(.bss)
    hdma_usart3_tx                           0x20001534   Data          96  usart.o(.bss)
    htim6                                    0x20001594   Data          64  stm32f4xx_hal_timebase_tim.o(.bss)
    PageMain                                 0x20005378   Data         160  ui.o(.bss)
    PageCan                                  0x20005418   Data         160  ui.o(.bss)
    PageSensor                               0x200054b8   Data         160  ui.o(.bss)
    PageChange                               0x20005558   Data         160  ui.o(.bss)
    vData                                    0x200055f8   Data         216  vision.o(.bss)
    vData_x_RMF4                             0x200056d0   Data          16  vision.o(.bss)
    vData_y_RMF4                             0x200056e0   Data          16  vision.o(.bss)
    vData_z_RMF4                             0x200056f0   Data          16  vision.o(.bss)
    vData_buf                                0x20005700   Data          16  vision.o(.bss)
    StrTmp                                   0x20005a0c   Data          30  judge_tx.o(.bss)
    ext_client_graphic_drawseven             0x20005a2a   Data         111  judge_tx.o(.bss)
    judge_txmsg                              0x20005a99   Data          51  judge_tx.o(.bss)
    judge_rxmsg                              0x20005acc   Data         143  judge_rx.o(.bss)
    Chassis                                  0x20005b5c   Data         448  chassis.o(.bss)
    Holder                                   0x20005d1c   Data         676  holder.o(.bss)
    M2006_ID4                                0x20005fc0   Data         192  shoot.o(.bss)
    M2006_ID5                                0x20006080   Data         192  shoot.o(.bss)
    M3508                                    0x20006140   Data         376  shoot.o(.bss)
    ID4_RMF4_Speed_Buf                       0x200062b8   Data          16  shoot.o(.bss)
    ID5_RMF4_Speed_Buf                       0x200062c8   Data          16  shoot.o(.bss)
    RMF4_Output_Buf                          0x200062d8   Data          16  shoot.o(.bss)
    RMF4_Speed_M3508_Buf                     0x200062e8   Data          32  shoot.o(.bss)
    ADRC_Pitch_Controller                    0x20006308   Data         132  adrc.o(.bss)
    ADRC_Pitch_Speed_Controller              0x2000638c   Data         132  adrc.o(.bss)
    __initial_sp                             0x20006810   Data           0  startup_stm32f407xx.o(STACK)



==============================================================================

Memory Map of the image

  Image Entry point : 0x08000189

  Load Region LR_IROM1 (Base: 0x08000000, Size: 0x000117c8, Max: 0x00100000, ABSOLUTE, COMPRESSED[0x00011558])

    Execution Region ER_IROM1 (Base: 0x08000000, Size: 0x00011280, Max: 0x00100000, ABSOLUTE)

    Base Addr    Size         Type   Attr      Idx    E Section Name        Object

    0x08000000   0x00000188   Data   RO            3    RESET               startup_stm32f407xx.o
    0x08000188   0x00000000   Code   RO         8249  * .ARM.Collect$$$$00000000  mc_w.l(entry.o)
    0x08000188   0x00000004   Code   RO         8581    .ARM.Collect$$$$00000001  mc_w.l(entry2.o)
    0x0800018c   0x00000004   Code   RO         8584    .ARM.Collect$$$$00000004  mc_w.l(entry5.o)
    0x08000190   0x00000000   Code   RO         8586    .ARM.Collect$$$$00000008  mc_w.l(entry7b.o)
    0x08000190   0x00000000   Code   RO         8588    .ARM.Collect$$$$0000000A  mc_w.l(entry8b.o)
    0x08000190   0x00000008   Code   RO         8589    .ARM.Collect$$$$0000000B  mc_w.l(entry9a.o)
    0x08000198   0x00000000   Code   RO         8591    .ARM.Collect$$$$0000000D  mc_w.l(entry10a.o)
    0x08000198   0x00000000   Code   RO         8593    .ARM.Collect$$$$0000000F  mc_w.l(entry11a.o)
    0x08000198   0x00000004   Code   RO         8582    .ARM.Collect$$$$00002712  mc_w.l(entry2.o)
    0x0800019c   0x000000be   Code   RO         6755    .emb_text           port.o
    0x0800025a   0x00000002   PAD
    0x0800025c   0x00000024   Code   RO            4    .text               startup_stm32f407xx.o
    0x08000280   0x00000062   Code   RO         8252    .text               mc_w.l(uldiv.o)
    0x080002e2   0x00000024   Code   RO         8254    .text               mc_w.l(memcpya.o)
    0x08000306   0x00000024   Code   RO         8258    .text               mc_w.l(memseta.o)
    0x0800032a   0x0000014e   Code   RO         8551    .text               mf_w.l(dadd.o)
    0x08000478   0x000000e4   Code   RO         8553    .text               mf_w.l(dmul.o)
    0x0800055c   0x000000de   Code   RO         8555    .text               mf_w.l(ddiv.o)
    0x0800063a   0x00000022   Code   RO         8557    .text               mf_w.l(dflti.o)
    0x0800065c   0x0000003e   Code   RO         8559    .text               mf_w.l(dfixi.o)
    0x0800069a   0x00000026   Code   RO         8561    .text               mf_w.l(f2d.o)
    0x080006c0   0x00000038   Code   RO         8563    .text               mf_w.l(d2f.o)
    0x080006f8   0x0000002c   Code   RO         8596    .text               mc_w.l(uidiv.o)
    0x08000724   0x0000001e   Code   RO         8598    .text               mc_w.l(llshl.o)
    0x08000742   0x00000020   Code   RO         8600    .text               mc_w.l(llushr.o)
    0x08000762   0x00000024   Code   RO         8602    .text               mc_w.l(llsshr.o)
    0x08000786   0x00000000   Code   RO         8613    .text               mc_w.l(iusefp.o)
    0x08000786   0x0000006e   Code   RO         8614    .text               mf_w.l(fepilogue.o)
    0x080007f4   0x000000ba   Code   RO         8616    .text               mf_w.l(depilogue.o)
    0x080008ae   0x00000030   Code   RO         8618    .text               mf_w.l(dfixul.o)
    0x080008de   0x00000002   PAD
    0x080008e0   0x00000030   Code   RO         8620    .text               mf_w.l(cdrcmple.o)
    0x08000910   0x00000024   Code   RO         8624    .text               mc_w.l(init.o)
    0x08000934   0x00000056   Code   RO         8634    .text               mc_w.l(__dczerorl2.o)
    0x0800098a   0x00000002   PAD
    0x0800098c   0x00000010   Code   RO          433    i.ADC1_IN1START     adc.o
    0x0800099c   0x00000028   Code   RO         5032    i.ADC_Get           key.o
    0x080009c4   0x00000160   Code   RO         1232    i.ADC_Init          stm32f4xx_hal_adc.o
    0x08000b24   0x00000088   Code   RO         5033    i.ADC_ReadVol       key.o
    0x08000bac   0x00000084   Code   RO         8116    i.ADRC_Control      adrc.o
    0x08000c30   0x00000090   Code   RO         8117    i.ADRC_Init         adrc.o
    0x08000cc0   0x0000008c   Code   RO         7998    i.Bullet_Prepare    shoot.o
    0x08000d4c   0x00000004   Code   RO         1018    i.BusFault_Handler  stm32f4xx_it.o
    0x08000d50   0x00000040   Code   RO          481    i.CAN1_FilterInit   can.o
    0x08000d90   0x00000010   Code   RO         1019    i.CAN1_RX0_IRQHandler  stm32f4xx_it.o
    0x08000da0   0x0000001c   Code   RO         1020    i.CAN1_TX_IRQHandler  stm32f4xx_it.o
    0x08000dbc   0x0000002c   Code   RO          482    i.CAN1_Transmit     can.o
    0x08000de8   0x00000040   Code   RO          483    i.CAN2_FilterInit   can.o
    0x08000e28   0x00000010   Code   RO         1021    i.CAN2_RX0_IRQHandler  stm32f4xx_it.o
    0x08000e38   0x00000020   Code   RO         1022    i.CAN2_TX_IRQHandler  stm32f4xx_it.o
    0x08000e58   0x0000002c   Code   RO          484    i.CAN2_Transmit     can.o
    0x08000e84   0x00000010   Code   RO         7063    i.CanData           ui.o
    0x08000e94   0x00000140   Code   RO         7064    i.CanData_CallBack  ui.o
    0x08000fd4   0x00000010   Code   RO         7065    i.ChangeParam       ui.o
    0x08000fe4   0x000000b8   Code   RO         7722    i.Chassis_CanTransmit  chassis.o
    0x0800109c   0x00000188   Code   RO         7723    i.Chassis_ChooseMode  chassis.o
    0x08001224   0x000000a4   Code   RO         7724    i.Chassis_Fly_Speed_Control  chassis.o
    0x080012c8   0x000000c4   Code   RO         7725    i.Chassis_GetMoveData  chassis.o
    0x0800138c   0x0000009c   Code   RO         7726    i.Chassis_Init      chassis.o
    0x08001428   0x000002d0   Code   RO         7727    i.Chassis_PidRun    chassis.o
    0x080016f8   0x000002ec   Code   RO         7728    i.Chassis_Power_limit_F  chassis.o
    0x080019e4   0x00000076   Code   RO         7729    i.Chassis_Process   chassis.o
    0x08001a5a   0x00000014   Code   RO         7730    i.Chassis_Protect   chassis.o
    0x08001a6e   0x00000002   PAD
    0x08001a70   0x000003a4   Code   RO         7731    i.Chassis_Speed_Control  chassis.o
    0x08001e14   0x00000110   Code   RO         7732    i.Chassis_Speed_Reset  chassis.o
    0x08001f24   0x00000038   Code   RO         7048    i.Circle_Continue   motor.o
    0x08001f5c   0x0000002a   Code   RO         8118    i.Constrain_Float   adrc.o
    0x08001f86   0x00000016   Code   RO         5396    i.Constrain_Int32_t  misc_func.o
    0x08001f9c   0x00000016   Code   RO         5397    i.Constrain_Uint16_t  misc_func.o
    0x08001fb2   0x00000002   PAD
    0x08001fb4   0x00000010   Code   RO         1023    i.DMA1_Stream1_IRQHandler  stm32f4xx_it.o
    0x08001fc4   0x00000010   Code   RO         1024    i.DMA1_Stream3_IRQHandler  stm32f4xx_it.o
    0x08001fd4   0x00000010   Code   RO         1025    i.DMA2_Stream2_IRQHandler  stm32f4xx_it.o
    0x08001fe4   0x00000034   Code   RO         2008    i.DMA_CalcBaseAndBitshift  stm32f4xx_hal_dma.o
    0x08002018   0x000000aa   Code   RO         2009    i.DMA_CheckFifoParam  stm32f4xx_hal_dma.o
    0x080020c2   0x00000020   Code   RO         1967    i.DMA_MultiBufferSetConfig  stm32f4xx_hal_dma_ex.o
    0x080020e2   0x0000002c   Code   RO         2010    i.DMA_SetConfig     stm32f4xx_hal_dma.o
    0x0800210e   0x00000002   Code   RO         1026    i.DebugMon_Handler  stm32f4xx_it.o
    0x08002110   0x00000044   Code   RO         7733    i.Dynamic_Spin      chassis.o
    0x08002154   0x000000ba   Code   RO         8119    i.ESO_ADRC          adrc.o
    0x0800220e   0x00000002   Code   RO           13    i.Error_Handler     main.o
    0x08002210   0x000000b8   Code   RO         8120    i.Fal_ADRC          adrc.o
    0x080022c8   0x00000048   Code   RO         7734    i.Fast_Fix_Spin     chassis.o
    0x08002310   0x000001b0   Code   RO         8121    i.Fhan_ADRC         adrc.o
    0x080024c0   0x00000034   Code   RO         8122    i.Fsg_ADRC          adrc.o
    0x080024f4   0x0000006c   Code   RO         5034    i.GetKeyMsgFromFifo  key.o
    0x08002560   0x00000074   Code   RO          485    i.Get_fDirAngle     can.o
    0x080025d4   0x00000228   Code   RO         1402    i.HAL_ADCEx_InjectedConfigChannel  stm32f4xx_hal_adc_ex.o
    0x080027fc   0x0000018c   Code   RO         1234    i.HAL_ADC_ConfigChannel  stm32f4xx_hal_adc.o
    0x08002988   0x00000008   Code   RO         1241    i.HAL_ADC_GetValue  stm32f4xx_hal_adc.o
    0x08002990   0x00000068   Code   RO         1243    i.HAL_ADC_Init      stm32f4xx_hal_adc.o
    0x080029f8   0x00000080   Code   RO          435    i.HAL_ADC_MspInit   adc.o
    0x08002a78   0x000000c2   Code   RO         1247    i.HAL_ADC_PollForConversion  stm32f4xx_hal_adc.o
    0x08002b3a   0x00000002   PAD
    0x08002b3c   0x0000013c   Code   RO         1249    i.HAL_ADC_Start     stm32f4xx_hal_adc.o
    0x08002c78   0x0000002a   Code   RO         2687    i.HAL_CAN_ActivateNotification  stm32f4xx_hal_can.o
    0x08002ca2   0x00000156   Code   RO         2688    i.HAL_CAN_AddTxMessage  stm32f4xx_hal_can.o
    0x08002df8   0x00000124   Code   RO         2689    i.HAL_CAN_ConfigFilter  stm32f4xx_hal_can.o
    0x08002f1c   0x00000002   Code   RO         2692    i.HAL_CAN_ErrorCallback  stm32f4xx_hal_can.o
    0x08002f1e   0x0000017a   Code   RO         2695    i.HAL_CAN_GetRxMessage  stm32f4xx_hal_can.o
    0x08003098   0x0000024e   Code   RO         2699    i.HAL_CAN_IRQHandler  stm32f4xx_hal_can.o
    0x080032e6   0x00000174   Code   RO         2700    i.HAL_CAN_Init      stm32f4xx_hal_can.o
    0x0800345a   0x00000002   PAD
    0x0800345c   0x00000184   Code   RO          487    i.HAL_CAN_MspInit   can.o
    0x080035e0   0x00000002   Code   RO         2707    i.HAL_CAN_RxFifo0FullCallback  stm32f4xx_hal_can.o
    0x080035e2   0x00000002   PAD
    0x080035e4   0x0000035c   Code   RO          488    i.HAL_CAN_RxFifo0MsgPendingCallback  can.o
    0x08003940   0x00000002   Code   RO         2709    i.HAL_CAN_RxFifo1FullCallback  stm32f4xx_hal_can.o
    0x08003942   0x00000002   Code   RO         2710    i.HAL_CAN_RxFifo1MsgPendingCallback  stm32f4xx_hal_can.o
    0x08003944   0x00000002   Code   RO         2711    i.HAL_CAN_SleepCallback  stm32f4xx_hal_can.o
    0x08003946   0x0000005e   Code   RO         2712    i.HAL_CAN_Start     stm32f4xx_hal_can.o
    0x080039a4   0x00000002   Code   RO         2714    i.HAL_CAN_TxMailbox0AbortCallback  stm32f4xx_hal_can.o
    0x080039a6   0x00000002   Code   RO         2715    i.HAL_CAN_TxMailbox0CompleteCallback  stm32f4xx_hal_can.o
    0x080039a8   0x00000002   Code   RO         2716    i.HAL_CAN_TxMailbox1AbortCallback  stm32f4xx_hal_can.o
    0x080039aa   0x00000002   Code   RO         2717    i.HAL_CAN_TxMailbox1CompleteCallback  stm32f4xx_hal_can.o
    0x080039ac   0x00000002   Code   RO         2718    i.HAL_CAN_TxMailbox2AbortCallback  stm32f4xx_hal_can.o
    0x080039ae   0x00000002   Code   RO         2719    i.HAL_CAN_TxMailbox2CompleteCallback  stm32f4xx_hal_can.o
    0x080039b0   0x00000002   Code   RO         2721    i.HAL_CAN_WakeUpFromRxMsgCallback  stm32f4xx_hal_can.o
    0x080039b2   0x00000002   PAD
    0x080039b4   0x00000fb8   Code   RO         1970    i.HAL_DMAEx_MultiBufferStart_IT  stm32f4xx_hal_dma_ex.o
    0x0800496c   0x00000028   Code   RO         2012    i.HAL_DMA_Abort_IT  stm32f4xx_hal_dma.o
    0x08004994   0x00000240   Code   RO         2016    i.HAL_DMA_IRQHandler  stm32f4xx_hal_dma.o
    0x08004bd4   0x000000ec   Code   RO         2017    i.HAL_DMA_Init      stm32f4xx_hal_dma.o
    0x08004cc0   0x0000005e   Code   RO         2019    i.HAL_DMA_RegisterCallback  stm32f4xx_hal_dma.o
    0x08004d1e   0x00000092   Code   RO         2021    i.HAL_DMA_Start_IT  stm32f4xx_hal_dma.o
    0x08004db0   0x00000200   Code   RO         1904    i.HAL_GPIO_Init     stm32f4xx_hal_gpio.o
    0x08004fb0   0x00000012   Code   RO         1907    i.HAL_GPIO_TogglePin  stm32f4xx_hal_gpio.o
    0x08004fc2   0x0000000c   Code   RO         1908    i.HAL_GPIO_WritePin  stm32f4xx_hal_gpio.o
    0x08004fce   0x00000002   PAD
    0x08004fd0   0x0000000c   Code   RO         2441    i.HAL_GetTick       stm32f4xx_hal.o
    0x08004fdc   0x000001d0   Code   RO         2931    i.HAL_I2C_Init      stm32f4xx_hal_i2c.o
    0x080051ac   0x000001b8   Code   RO         2932    i.HAL_I2C_IsDeviceReady  stm32f4xx_hal_i2c.o
    0x08005364   0x00000170   Code   RO         2944    i.HAL_I2C_Master_Transmit  stm32f4xx_hal_i2c.o
    0x080054d4   0x00000088   Code   RO          594    i.HAL_I2C_MspInit   i2c.o
    0x0800555c   0x00000050   Code   RO         3410    i.HAL_IWDG_Init     stm32f4xx_hal_iwdg.o
    0x080055ac   0x0000000e   Code   RO         3411    i.HAL_IWDG_Refresh  stm32f4xx_hal_iwdg.o
    0x080055ba   0x00000002   PAD
    0x080055bc   0x00000018   Code   RO         2447    i.HAL_IncTick       stm32f4xx_hal.o
    0x080055d4   0x0000003c   Code   RO         2448    i.HAL_Init          stm32f4xx_hal.o
    0x08005610   0x0000008c   Code   RO         1190    i.HAL_InitTick      stm32f4xx_hal_timebase_tim.o
    0x0800569c   0x00000054   Code   RO         1166    i.HAL_MspInit       stm32f4xx_hal_msp.o
    0x080056f0   0x00000020   Code   RO         2293    i.HAL_NVIC_EnableIRQ  stm32f4xx_hal_cortex.o
    0x08005710   0x0000007c   Code   RO         2299    i.HAL_NVIC_SetPriority  stm32f4xx_hal_cortex.o
    0x0800578c   0x00000028   Code   RO         2300    i.HAL_NVIC_SetPriorityGrouping  stm32f4xx_hal_cortex.o
    0x080057b4   0x00000184   Code   RO         1505    i.HAL_RCC_ClockConfig  stm32f4xx_hal_rcc.o
    0x08005938   0x00000044   Code   RO         1509    i.HAL_RCC_GetClockConfig  stm32f4xx_hal_rcc.o
    0x0800597c   0x0000000c   Code   RO         1510    i.HAL_RCC_GetHCLKFreq  stm32f4xx_hal_rcc.o
    0x08005988   0x00000020   Code   RO         1512    i.HAL_RCC_GetPCLK1Freq  stm32f4xx_hal_rcc.o
    0x080059a8   0x00000020   Code   RO         1513    i.HAL_RCC_GetPCLK2Freq  stm32f4xx_hal_rcc.o
    0x080059c8   0x000000b0   Code   RO         1514    i.HAL_RCC_GetSysClockFreq  stm32f4xx_hal_rcc.o
    0x08005a78   0x00000488   Code   RO         1517    i.HAL_RCC_OscConfig  stm32f4xx_hal_rcc.o
    0x08005f00   0x0000008c   Code   RO         3451    i.HAL_SPI_Init      stm32f4xx_hal_spi.o
    0x08005f8c   0x00000088   Code   RO          666    i.HAL_SPI_MspInit   spi.o
    0x08006014   0x00000002   Code   RO         4450    i.HAL_TIMEx_BreakCallback  stm32f4xx_hal_tim_ex.o
    0x08006016   0x00000002   Code   RO         4451    i.HAL_TIMEx_CommutCallback  stm32f4xx_hal_tim_ex.o
    0x08006018   0x00000074   Code   RO         4453    i.HAL_TIMEx_ConfigBreakDeadTime  stm32f4xx_hal_tim_ex.o
    0x0800608c   0x000000b4   Code   RO         4468    i.HAL_TIMEx_MasterConfigSynchronization  stm32f4xx_hal_tim_ex.o
    0x08006140   0x00000034   Code   RO         3764    i.HAL_TIM_Base_Init  stm32f4xx_hal_tim.o
    0x08006174   0x00000084   Code   RO          714    i.HAL_TIM_Base_MspInit  tim.o
    0x080061f8   0x0000002a   Code   RO         3769    i.HAL_TIM_Base_Start_IT  stm32f4xx_hal_tim.o
    0x08006222   0x00000002   Code   RO         3793    i.HAL_TIM_IC_CaptureCallback  stm32f4xx_hal_tim.o
    0x08006224   0x00000196   Code   RO         3807    i.HAL_TIM_IRQHandler  stm32f4xx_hal_tim.o
    0x080063ba   0x00000002   PAD
    0x080063bc   0x00000148   Code   RO          715    i.HAL_TIM_MspPostInit  tim.o
    0x08006504   0x00000002   Code   RO         3810    i.HAL_TIM_OC_DelayElapsedCallback  stm32f4xx_hal_tim.o
    0x08006506   0x00000108   Code   RO         3831    i.HAL_TIM_PWM_ConfigChannel  stm32f4xx_hal_tim.o
    0x0800660e   0x00000034   Code   RO         3834    i.HAL_TIM_PWM_Init  stm32f4xx_hal_tim.o
    0x08006642   0x00000002   PAD
    0x08006644   0x000000c0   Code   RO          717    i.HAL_TIM_PWM_MspInit  tim.o
    0x08006704   0x00000002   Code   RO         3837    i.HAL_TIM_PWM_PulseFinishedCallback  stm32f4xx_hal_tim.o
    0x08006706   0x00000002   PAD
    0x08006708   0x00000058   Code   RO         3839    i.HAL_TIM_PWM_Start  stm32f4xx_hal_tim.o
    0x08006760   0x00000044   Code   RO           14    i.HAL_TIM_PeriodElapsedCallback  main.o
    0x080067a4   0x00000002   Code   RO         3850    i.HAL_TIM_TriggerCallback  stm32f4xx_hal_tim.o
    0x080067a6   0x00000002   Code   RO         4722    i.HAL_UART_ErrorCallback  stm32f4xx_hal_uart.o
    0x080067a8   0x00000154   Code   RO         4725    i.HAL_UART_IRQHandler  stm32f4xx_hal_uart.o
    0x080068fc   0x00000072   Code   RO         4726    i.HAL_UART_Init     stm32f4xx_hal_uart.o
    0x0800696e   0x00000002   PAD
    0x08006970   0x00000384   Code   RO          858    i.HAL_UART_MspInit  usart.o
    0x08006cf4   0x00000050   Code   RO         4731    i.HAL_UART_Receive_IT  stm32f4xx_hal_uart.o
    0x08006d44   0x00000068   Code   RO          859    i.HAL_UART_RxCpltCallback  usart.o
    0x08006dac   0x000000d8   Code   RO         4734    i.HAL_UART_Transmit  stm32f4xx_hal_uart.o
    0x08006e84   0x0000009c   Code   RO         4735    i.HAL_UART_Transmit_DMA  stm32f4xx_hal_uart.o
    0x08006f20   0x00000038   Code   RO         4736    i.HAL_UART_Transmit_IT  stm32f4xx_hal_uart.o
    0x08006f58   0x00000002   Code   RO         4737    i.HAL_UART_TxCpltCallback  stm32f4xx_hal_uart.o
    0x08006f5a   0x00000002   Code   RO         4738    i.HAL_UART_TxHalfCpltCallback  stm32f4xx_hal_uart.o
    0x08006f5c   0x00000004   Code   RO         1027    i.HardFault_Handler  stm32f4xx_it.o
    0x08006f60   0x00000060   Code   RO         6999    i.HolderDataMsg_Process  message.o
    0x08006fc0   0x0000003c   Code   RO         7878    i.Holder_Adrc_Init  holder.o
    0x08006ffc   0x00000070   Code   RO         7879    i.Holder_Adrc_Run   holder.o
    0x0800706c   0x00000014   Code   RO         7880    i.Holder_Angle_Protect  holder.o
    0x08007080   0x00000064   Code   RO         7881    i.Holder_Angle_Reset  holder.o
    0x080070e4   0x00000054   Code   RO         7882    i.Holder_CanTransmit  holder.o
    0x08007138   0x00000028   Code   RO         7883    i.Holder_Debug      holder.o
    0x08007160   0x0000020c   Code   RO         7884    i.Holder_GetMoveData  holder.o
    0x0800736c   0x0000001a   Code   RO         7885    i.Holder_Init       holder.o
    0x08007386   0x00000002   PAD
    0x08007388   0x00000080   Code   RO         7886    i.Holder_MsgIn      holder.o
    0x08007408   0x000000a0   Code   RO         6833    i.Holder_Pi_Tunning_Absolute  pid.o
    0x080074a8   0x00000024   Code   RO         7887    i.Holder_PidRun     holder.o
    0x080074cc   0x000000f0   Code   RO         7888    i.Holder_Pid_Init   holder.o
    0x080075bc   0x00000174   Code   RO         7889    i.Holder_Pid_Manual  holder.o
    0x08007730   0x000001e4   Code   RO         7890    i.Holder_Pid_Vision  holder.o
    0x08007914   0x0000004c   Code   RO         7891    i.Holder_Process    holder.o
    0x08007960   0x000000f0   Code   RO         7892    i.Holder_Vision_Pid_Init  holder.o
    0x08007a50   0x00000064   Code   RO         7893    i.Holder_Vision_Prediction  holder.o
    0x08007ab4   0x0000003e   Code   RO         2974    i.I2C_IsAcknowledgeFailed  stm32f4xx_hal_i2c.o
    0x08007af2   0x00000002   PAD
    0x08007af4   0x000000c0   Code   RO         2978    i.I2C_MasterRequestWrite  stm32f4xx_hal_i2c.o
    0x08007bb4   0x0000005c   Code   RO         2994    i.I2C_WaitOnBTFFlagUntilTimeout  stm32f4xx_hal_i2c.o
    0x08007c10   0x00000086   Code   RO         2995    i.I2C_WaitOnFlagUntilTimeout  stm32f4xx_hal_i2c.o
    0x08007c96   0x000000c4   Code   RO         2996    i.I2C_WaitOnMasterAddressFlagUntilTimeout  stm32f4xx_hal_i2c.o
    0x08007d5a   0x0000005c   Code   RO         3000    i.I2C_WaitOnTXEFlagUntilTimeout  stm32f4xx_hal_i2c.o
    0x08007db6   0x00000002   PAD
    0x08007db8   0x00000080   Code   RO         7000    i.IMUAngle_Continue  message.o
    0x08007e38   0x0000000c   Code   RO         7631    i.JUDGE_u16GetChassisPowerLimit  judge_rx.o
    0x08007e44   0x0000000c   Code   RO         7632    i.JUDGE_u16GetChassisVolt  judge_rx.o
    0x08007e50   0x0000000c   Code   RO         7633    i.JUDGE_u16GetHeatLimit  judge_rx.o
    0x08007e5c   0x0000000c   Code   RO         7634    i.JUDGE_u16GetHeatRate  judge_rx.o
    0x08007e68   0x0000000c   Code   RO         7635    i.JUDGE_u16GetRemainEnergy  judge_rx.o
    0x08007e74   0x0000000c   Code   RO         7636    i.JUDGE_u16GetRemoteHeat17  judge_rx.o
    0x08007e80   0x0000000c   Code   RO         7637    i.JUDGE_u16GetSpeedHeat17Limit  judge_rx.o
    0x08007e8c   0x0000000c   Code   RO         7638    i.JUDGE_u8GetRobotId  judge_rx.o
    0x08007e98   0x00000060   Code   RO         7516    i.JudgeUI_BK2_CapLine  judge_tx.o
    0x08007ef8   0x00000078   Code   RO         7517    i.JudgeUI_CapData   judge_tx.o
    0x08007f70   0x00000044   Code   RO         7518    i.JudgeUI_LidState  judge_tx.o
    0x08007fb4   0x00000528   Code   RO         7519    i.JudgeUI_SendBKG1  judge_tx.o
    0x080084dc   0x00000548   Code   RO         7520    i.JudgeUI_SendBKG2_SuperCap_Line  judge_tx.o
    0x08008a24   0x00000144   Code   RO         7521    i.JudgeUI_SendLidSt  judge_tx.o
    0x08008b68   0x00000148   Code   RO         7522    i.JudgeUI_SendSpinMode  judge_tx.o
    0x08008cb0   0x00000170   Code   RO         7523    i.JudgeUI_SendSuperCapData  judge_tx.o
    0x08008e20   0x00000148   Code   RO         7524    i.JudgeUI_SendVisionState  judge_tx.o
    0x08008f68   0x00000174   Code   RO         7525    i.JudgeUI_SendVisionzData  judge_tx.o
    0x080090dc   0x00000044   Code   RO         7526    i.JudgeUI_SpinMode  judge_tx.o
    0x08009120   0x00000044   Code   RO         7527    i.JudgeUI_Vision_State  judge_tx.o
    0x08009164   0x00000074   Code   RO         7528    i.JudgeUI_VisionzData  judge_tx.o
    0x080091d8   0x0000007c   Code   RO         7457    i.Judge_InitData    judge.o
    0x08009254   0x00000028   Code   RO         7458    i.Judge_Proccess    judge.o
    0x0800927c   0x0000001c   Code   RO         7459    i.Judge_Uart_Idle   judge.o
    0x08009298   0x000000dc   Code   RO         7460    i.Judge_Uart_UI     judge.o
    0x08009374   0x000000fc   Code   RO         7133    i.Key_Event         ui_lib.o
    0x08009470   0x00000050   Code   RO         5035    i.Key_Get           key.o
    0x080094c0   0x00000098   Code   RO         5036    i.Key_Process       key.o
    0x08009558   0x00000114   Code   RO         7735    i.Keyboard_Control_GetMoveData  chassis.o
    0x0800966c   0x0000001c   Code   RO         7999    i.Lid_Close         shoot.o
    0x08009688   0x00000028   Code   RO         8000    i.Lid_Open          shoot.o
    0x080096b0   0x000000ac   Code   RO          436    i.MX_ADC1_Init      adc.o
    0x0800975c   0x00000044   Code   RO          489    i.MX_CAN1_Init      can.o
    0x080097a0   0x00000044   Code   RO          490    i.MX_CAN2_Init      can.o
    0x080097e4   0x00000078   Code   RO          569    i.MX_DMA_Init       dma.o
    0x0800985c   0x00000170   Code   RO          327    i.MX_FREERTOS_Init  freertos.o
    0x080099cc   0x0000013c   Code   RO          303    i.MX_GPIO_Init      gpio.o
    0x08009b08   0x0000003c   Code   RO          595    i.MX_I2C1_Init      i2c.o
    0x08009b44   0x00000028   Code   RO          635    i.MX_IWDG_Init      iwdg.o
    0x08009b6c   0x00000048   Code   RO          667    i.MX_SPI1_Init      spi.o
    0x08009bb4   0x00000034   Code   RO          718    i.MX_TIM14_Init     tim.o
    0x08009be8   0x000000e4   Code   RO          719    i.MX_TIM1_Init      tim.o
    0x08009ccc   0x00000094   Code   RO          720    i.MX_TIM3_Init      tim.o
    0x08009d60   0x0000007c   Code   RO          721    i.MX_TIM4_Init      tim.o
    0x08009ddc   0x0000004c   Code   RO          722    i.MX_TIM7_Init      tim.o
    0x08009e28   0x00000068   Code   RO          723    i.MX_TIM9_Init      tim.o
    0x08009e90   0x00000038   Code   RO          860    i.MX_UART4_Init     usart.o
    0x08009ec8   0x00000040   Code   RO          861    i.MX_USART1_UART_Init  usart.o
    0x08009f08   0x00000038   Code   RO          862    i.MX_USART2_UART_Init  usart.o
    0x08009f40   0x00000038   Code   RO          863    i.MX_USART3_UART_Init  usart.o
    0x08009f78   0x00000038   Code   RO          864    i.MX_USART6_UART_Init  usart.o
    0x08009fb0   0x00000004   Code   RO         1028    i.MemManage_Handler  stm32f4xx_it.o
    0x08009fb4   0x0000001e   Code   RO         5398    i.Misc_Fabsf        misc_func.o
    0x08009fd2   0x00000034   Code   RO         5399    i.Misc_RAMP_Int16   misc_func.o
    0x0800a006   0x00000002   PAD
    0x0800a008   0x000000e8   Code   RO         5404    i.Misc_s32Recursive_Mean4_Filter  misc_func.o
    0x0800a0f0   0x00000002   Code   RO         1029    i.NMI_Handler       stm32f4xx_it.o
    0x0800a0f2   0x00000002   PAD
    0x0800a0f4   0x00000084   Code   RO         8123    i.Nolinear_Conbination_ADRC  adrc.o
    0x0800a178   0x00000040   Code   RO         5095    i.OLED_Clear        oled.o
    0x0800a1b8   0x0000011c   Code   RO         5098    i.OLED_Init         oled.o
    0x0800a2d4   0x0000002e   Code   RO         5099    i.OLED_SetPos       oled.o
    0x0800a302   0x00000076   Code   RO         5100    i.OLED_ShowBMP      oled.o
    0x0800a378   0x00000050   Code   RO         5101    i.OLED_ShowChar     oled.o
    0x0800a3c8   0x000000e0   Code   RO         5102    i.OLED_ShowFloat    oled.o
    0x0800a4a8   0x00000034   Code   RO         5103    i.OLED_ShowString   oled.o
    0x0800a4dc   0x0000006c   Code   RO         5104    i.OLED_WriteByte    oled.o
    0x0800a548   0x00000036   Code   RO         5105    i.OLED_printf       oled.o
    0x0800a57e   0x00000002   PAD
    0x0800a580   0x000000c8   Code   RO         7736    i.Omni_Speed_Parse  chassis.o
    0x0800a648   0x0000018c   Code   RO         5325    i.OnDataReceived    imu_data_decode.o
    0x0800a7d4   0x000001a4   Code   RO         5261    i.Packet_Decode     imu_packet.o
    0x0800a978   0x00000020   Code   RO         5262    i.Packet_DecodeInit  imu_packet.o
    0x0800a998   0x00000068   Code   RO         5405    i.Quake_Sqrt        misc_func.o
    0x0800aa00   0x00000034   Code   RO         5406    i.RAMP_Uint16       misc_func.o
    0x0800aa34   0x000001e4   Code   RO         7001    i.RemoteDataMsg_Process  message.o
    0x0800ac18   0x00000020   Code   RO         7737    i.Remote_Control_GetMoveData  chassis.o
    0x0800ac38   0x00000070   Code   RO         5037    i.SendKeyMsgToFifo  key.o
    0x0800aca8   0x00000010   Code   RO         7066    i.SensorData        ui.o
    0x0800acb8   0x000000a8   Code   RO         7067    i.SensorData_CallBack  ui.o
    0x0800ad60   0x0000009c   Code   RO         8002    i.Shoot_CanTransmit  shoot.o
    0x0800adfc   0x000000c0   Code   RO         8003    i.Shoot_Freq_Control  shoot.o
    0x0800aebc   0x000000a4   Code   RO         8004    i.Shoot_Freq_Pid_Reset  shoot.o
    0x0800af60   0x00000090   Code   RO         8005    i.Shoot_Mode_Choose  shoot.o
    0x0800aff0   0x000000cc   Code   RO         8006    i.Shoot_PidInit     shoot.o
    0x0800b0bc   0x00000128   Code   RO         8007    i.Shoot_PidRun      shoot.o
    0x0800b1e4   0x0000005c   Code   RO         8008    i.Shoot_Process     shoot.o
    0x0800b240   0x00000054   Code   RO         8009    i.Shoot_Speed_CanTransmit_M3508  shoot.o
    0x0800b294   0x000000a0   Code   RO         8010    i.Shoot_Speed_Control_Realtime  shoot.o
    0x0800b334   0x00000068   Code   RO         8011    i.Shoot_Speed_PidInit_M3508  shoot.o
    0x0800b39c   0x00000194   Code   RO         8012    i.Shoot_Speed_Pid_Run_M3508  shoot.o
    0x0800b530   0x00000034   Code   RO         8124    i.Sign_ADRC         adrc.o
    0x0800b564   0x0000002c   Code   RO         7738    i.SuperCap_CanTransmit  chassis.o
    0x0800b590   0x00000034   Code   RO         6756    i.SysTick_Handler   port.o
    0x0800b5c4   0x000000bc   Code   RO           15    i.SystemClock_Config  main.o
    0x0800b680   0x0000001c   Code   RO         5505    i.SystemInit        system_stm32f4xx.o
    0x0800b69c   0x00000010   Code   RO          724    i.TIM14_START       tim.o
    0x0800b6ac   0x00000028   Code   RO          725    i.TIM1_PWMSTART     tim.o
    0x0800b6d4   0x00000020   Code   RO          726    i.TIM1_SetPWMPluse  tim.o
    0x0800b6f4   0x00000018   Code   RO          727    i.TIM3_PWMSTART     tim.o
    0x0800b70c   0x00000014   Code   RO          728    i.TIM3_SetPWMPluse  tim.o
    0x0800b720   0x0000001c   Code   RO          729    i.TIM4_PWMSTART     tim.o
    0x0800b73c   0x00000010   Code   RO         1030    i.TIM6_DAC_IRQHandler  stm32f4xx_it.o
    0x0800b74c   0x00000010   Code   RO         1031    i.TIM7_IRQHandler   stm32f4xx_it.o
    0x0800b75c   0x00000010   Code   RO         1032    i.TIM8_TRG_COM_TIM14_IRQHandler  stm32f4xx_it.o
    0x0800b76c   0x00000010   Code   RO          731    i.TIM9_PWMSTART     tim.o
    0x0800b77c   0x0000000c   Code   RO          732    i.TIM9_SetPWMPluse  tim.o
    0x0800b788   0x000000d8   Code   RO         3852    i.TIM_Base_SetConfig  stm32f4xx_hal_tim.o
    0x0800b860   0x00000022   Code   RO         3853    i.TIM_CCxChannelCmd  stm32f4xx_hal_tim.o
    0x0800b882   0x00000002   PAD
    0x0800b884   0x00000070   Code   RO         3865    i.TIM_OC1_SetConfig  stm32f4xx_hal_tim.o
    0x0800b8f4   0x0000007c   Code   RO         3866    i.TIM_OC2_SetConfig  stm32f4xx_hal_tim.o
    0x0800b970   0x00000078   Code   RO         3867    i.TIM_OC3_SetConfig  stm32f4xx_hal_tim.o
    0x0800b9e8   0x00000054   Code   RO         3868    i.TIM_OC4_SetConfig  stm32f4xx_hal_tim.o
    0x0800ba3c   0x00000090   Code   RO         7739    i.Turn_Round        chassis.o
    0x0800bacc   0x00000040   Code   RO          865    i.UART1_RemoteStart  usart.o
    0x0800bb0c   0x00000058   Code   RO          866    i.UART2_SendWave    usart.o
    0x0800bb64   0x00000064   Code   RO          867    i.UART3_JudgeStart  usart.o
    0x0800bbc8   0x0000001c   Code   RO          868    i.UART4_IMUStart    usart.o
    0x0800bbe4   0x00000010   Code   RO         1033    i.UART4_IRQHandler  stm32f4xx_it.o
    0x0800bbf4   0x00000018   Code   RO          869    i.UART6_VisionStart  usart.o
    0x0800bc0c   0x00000014   Code   RO         4739    i.UART_DMAAbortOnError  stm32f4xx_hal_uart.o
    0x0800bc20   0x00000050   Code   RO         4740    i.UART_DMAError     stm32f4xx_hal_uart.o
    0x0800bc70   0x00000036   Code   RO         4745    i.UART_DMATransmitCplt  stm32f4xx_hal_uart.o
    0x0800bca6   0x0000000e   Code   RO         4747    i.UART_DMATxHalfCplt  stm32f4xx_hal_uart.o
    0x0800bcb4   0x00000020   Code   RO         4749    i.UART_EndRxTransfer  stm32f4xx_hal_uart.o
    0x0800bcd4   0x00000020   Code   RO         4750    i.UART_EndTransmit_IT  stm32f4xx_hal_uart.o
    0x0800bcf4   0x00000014   Code   RO         4751    i.UART_EndTxTransfer  stm32f4xx_hal_uart.o
    0x0800bd08   0x000000a6   Code   RO         4752    i.UART_Receive_IT   stm32f4xx_hal_uart.o
    0x0800bdae   0x00000002   PAD
    0x0800bdb0   0x000003e8   Code   RO         4753    i.UART_SetConfig    stm32f4xx_hal_uart.o
    0x0800c198   0x00000068   Code   RO         4754    i.UART_Transmit_IT  stm32f4xx_hal_uart.o
    0x0800c200   0x0000006c   Code   RO         4755    i.UART_WaitOnFlagUntilTimeout  stm32f4xx_hal_uart.o
    0x0800c26c   0x000003e4   Code   RO         7134    i.UI_ChangeParam    ui_lib.o
    0x0800c650   0x000000c0   Code   RO         7068    i.UI_Init           ui.o
    0x0800c710   0x00000010   Code   RO         7069    i.UI_Process        ui.o
    0x0800c720   0x00000110   Code   RO         7135    i.UI_Show           ui_lib.o
    0x0800c830   0x000002d0   Code   RO         7136    i.UI_ShowString     ui_lib.o
    0x0800cb00   0x00000010   Code   RO         1034    i.USART1_IRQHandler  stm32f4xx_it.o
    0x0800cb10   0x00000010   Code   RO         1035    i.USART2_IRQHandler  stm32f4xx_it.o
    0x0800cb20   0x00000018   Code   RO         1036    i.USART3_IRQHandler  stm32f4xx_it.o
    0x0800cb38   0x00000010   Code   RO         1037    i.USART6_IRQHandler  stm32f4xx_it.o
    0x0800cb48   0x00000004   Code   RO         1038    i.UsageFault_Handler  stm32f4xx_it.o
    0x0800cb4c   0x000000e8   Code   RO         7178    i.Vision_RecvData   vision.o
    0x0800cc34   0x0000014c   Code   RO         7179    i.Vision_SendData   vision.o
    0x0800cd80   0x00000028   Code   RO         8497    i.__0sprintf        mc_w.l(printfa.o)
    0x0800cda8   0x00000024   Code   RO         8501    i.__0vsprintf       mc_w.l(printfa.o)
    0x0800cdcc   0x00000026   Code   RO         8565    i.__ARM_fpclassifyf  m_wm.l(fpclassifyf.o)
    0x0800cdf2   0x0000000a   Code   RO          870    i.__HAL_DMA_GET_CURRDATCOUT  usart.o
    0x0800cdfc   0x00000014   Code   RO          871    i.__HAL_DMA_GET_CURRMEMTAR  usart.o
    0x0800ce10   0x00000010   Code   RO         2306    i.__NVIC_GetPriorityGrouping  stm32f4xx_hal_cortex.o
    0x0800ce20   0x00000028   Code   RO         2307    i.__NVIC_SetPriority  stm32f4xx_hal_cortex.o
    0x0800ce48   0x0000060c   Code   RO         8235    i.__hardfp_powf     m_wm.l(powf.o)
    0x0800d454   0x00000014   Code   RO         8567    i.__mathlib_flt_divzero  m_wm.l(funder.o)
    0x0800d468   0x00000006   Code   RO         8569    i.__mathlib_flt_infnan2  m_wm.l(funder.o)
    0x0800d46e   0x00000002   PAD
    0x0800d470   0x00000010   Code   RO         8570    i.__mathlib_flt_invalid  m_wm.l(funder.o)
    0x0800d480   0x00000010   Code   RO         8571    i.__mathlib_flt_overflow  m_wm.l(funder.o)
    0x0800d490   0x00000010   Code   RO         8573    i.__mathlib_flt_underflow  m_wm.l(funder.o)
    0x0800d4a0   0x0000000e   Code   RO         8628    i.__scatterload_copy  mc_w.l(handlers.o)
    0x0800d4ae   0x00000002   Code   RO         8629    i.__scatterload_null  mc_w.l(handlers.o)
    0x0800d4b0   0x0000000e   Code   RO         8630    i.__scatterload_zeroinit  mc_w.l(handlers.o)
    0x0800d4be   0x00000002   PAD
    0x0800d4c0   0x0000000c   Code   RO         8608    i.__set_errno       mc_w.l(errno.o)
    0x0800d4cc   0x00000164   Code   RO         8502    i._fp_digits        mc_w.l(printfa.o)
    0x0800d630   0x000006dc   Code   RO         8503    i._printf_core      mc_w.l(printfa.o)
    0x0800dd0c   0x00000024   Code   RO         8504    i._printf_post_padding  mc_w.l(printfa.o)
    0x0800dd30   0x0000002e   Code   RO         8505    i._printf_pre_padding  mc_w.l(printfa.o)
    0x0800dd5e   0x0000000a   Code   RO         8507    i._sputc            mc_w.l(printfa.o)
    0x0800dd68   0x00000030   Code   RO         7384    i.append_crc16_check_sum  protocol.o
    0x0800dd98   0x00000026   Code   RO         7385    i.append_crc8_check_sum  protocol.o
    0x0800ddbe   0x00000016   Code   RO         5411    i.constrain_int16_t  misc_func.o
    0x0800ddd4   0x0000003c   Code   RO         5264    i.crc16_update      imu_packet.o
    0x0800de10   0x0000003c   Code   RO         7237    i.data_packet_pack  dma_unpack.o
    0x0800de4c   0x000000b8   Code   RO         7238    i.dma_buffer_to_unpack_buffer  dma_unpack.o
    0x0800df04   0x00000078   Code   RO         7430    i.fast_cos          fast_tri_func.o
    0x0800df7c   0x00000010   Code   RO         7431    i.fast_sin          fast_tri_func.o
    0x0800df8c   0x00000036   Code   RO         7296    i.fifo_s_get        data_fifo.o
    0x0800dfc2   0x00000036   Code   RO         7298    i.fifo_s_init       data_fifo.o
    0x0800dff8   0x00000056   Code   RO         7301    i.fifo_s_puts       data_fifo.o
    0x0800e04e   0x00000010   Code   RO         7303    i.fifo_used_count   data_fifo.o
    0x0800e05e   0x00000076   Code   RO         7529    i.get_client_ID     judge_tx.o
    0x0800e0d4   0x00000034   Code   RO         7386    i.get_crc16_check_sum  protocol.o
    0x0800e108   0x00000024   Code   RO         7387    i.get_crc8_check_sum  protocol.o
    0x0800e12c   0x0000001a   Code   RO         7239    i.get_dma_memory_msg  dma_unpack.o
    0x0800e146   0x00000002   PAD
    0x0800e148   0x00000014   Code   RO         5326    i.get_eular         imu_data_decode.o
    0x0800e15c   0x00000014   Code   RO         5330    i.get_raw_gyo       imu_data_decode.o
    0x0800e170   0x00000018   Code   RO         5332    i.imu_data_decode_init  imu_data_decode.o
    0x0800e188   0x00000010   Code   RO         6325    i.inHandlerMode     cmsis_os.o
    0x0800e198   0x00000158   Code   RO         7640    i.judge_rx_handler  judge_rx.o
    0x0800e2f0   0x00000160   Code   RO         7240    i.judge_unpack_fifo_data  dma_unpack.o
    0x0800e450   0x00000098   Code   RO           16    i.main              main.o
    0x0800e4e8   0x0000000e   Code   RO         6327    i.makeFreeRtosPriority  cmsis_os.o
    0x0800e4f6   0x00000018   Code   RO         6329    i.osDelay           cmsis_os.o
    0x0800e50e   0x0000000a   Code   RO         6332    i.osKernelStart     cmsis_os.o
    0x0800e518   0x00000028   Code   RO         6341    i.osMessageCreate   cmsis_os.o
    0x0800e540   0x0000009c   Code   RO         6343    i.osMessageGet      cmsis_os.o
    0x0800e5dc   0x00000060   Code   RO         6345    i.osMessagePut      cmsis_os.o
    0x0800e63c   0x0000005e   Code   RO         6366    i.osThreadCreate    cmsis_os.o
    0x0800e69a   0x00000102   Code   RO         6837    i.pid_absolute_update  pid.o
    0x0800e79c   0x000000c0   Code   RO         6839    i.pid_increment_update  pid.o
    0x0800e85c   0x00000016   Code   RO         6840    i.pid_init_absolute  pid.o
    0x0800e872   0x00000012   Code   RO         6842    i.pid_init_increment  pid.o
    0x0800e884   0x00000070   Code   RO         7241    i.protocol_packet_pack  dma_unpack.o
    0x0800e8f4   0x00000098   Code   RO         6010    i.prvAddCurrentTaskToDelayedList  tasks.o
    0x0800e98c   0x000000b4   Code   RO         6011    i.prvAddNewTaskToReadyList  tasks.o
    0x0800ea40   0x00000048   Code   RO         6012    i.prvCheckTasksWaitingTermination  tasks.o
    0x0800ea88   0x0000002a   Code   RO         5682    i.prvCopyDataFromQueue  queue.o
    0x0800eab2   0x0000007e   Code   RO         5683    i.prvCopyDataToQueue  queue.o
    0x0800eb30   0x00000050   Code   RO         6013    i.prvDeleteTCB      tasks.o
    0x0800eb80   0x0000007c   Code   RO         6694    i.prvHeapInit       heap_4.o
    0x0800ebfc   0x00000028   Code   RO         6014    i.prvIdleTask       tasks.o
    0x0800ec24   0x00000026   Code   RO         5686    i.prvInitialiseNewQueue  queue.o
    0x0800ec4a   0x000000b4   Code   RO         6015    i.prvInitialiseNewTask  tasks.o
    0x0800ecfe   0x00000002   PAD
    0x0800ed00   0x00000068   Code   RO         6016    i.prvInitialiseTaskLists  tasks.o
    0x0800ed68   0x00000068   Code   RO         6695    i.prvInsertBlockIntoFreeList  heap_4.o
    0x0800edd0   0x0000001a   Code   RO         5687    i.prvIsQueueEmpty   queue.o
    0x0800edea   0x0000001e   Code   RO         5688    i.prvIsQueueFull    queue.o
    0x0800ee08   0x00000034   Code   RO         6017    i.prvResetNextTaskUnblockTime  tasks.o
    0x0800ee3c   0x00000040   Code   RO         6757    i.prvTaskExitError  port.o
    0x0800ee7c   0x0000007e   Code   RO         5689    i.prvUnlockQueue    queue.o
    0x0800eefa   0x00000002   PAD
    0x0800eefc   0x0000013c   Code   RO         6696    i.pvPortMalloc      heap_4.o
    0x0800f038   0x0000002c   Code   RO         6758    i.pxPortInitialiseStack  port.o
    0x0800f064   0x00000038   Code   RO         7740    i.s16Follow_Holder_Spin  chassis.o
    0x0800f09c   0x00000020   Code   RO         7741    i.s16Follow_Speed_Spin  chassis.o
    0x0800f0bc   0x0000002c   Code   RO         7742    i.s16Holder_Follow_GetMoveData  chassis.o
    0x0800f0e8   0x00000058   Code   RO          328    i.taskChassis       freertos.o
    0x0800f140   0x000000a4   Code   RO          329    i.taskHolder        freertos.o
    0x0800f1e4   0x00000012   Code   RO          330    i.taskJudge         freertos.o
    0x0800f1f6   0x0000000e   Code   RO          331    i.taskKey           freertos.o
    0x0800f204   0x000000b0   Code   RO          332    i.taskLED           freertos.o
    0x0800f2b4   0x00000058   Code   RO          333    i.taskMsg           freertos.o
    0x0800f30c   0x00000058   Code   RO          334    i.taskShoot         freertos.o
    0x0800f364   0x00000012   Code   RO          335    i.taskUI            freertos.o
    0x0800f376   0x00000002   PAD
    0x0800f378   0x00000018   Code   RO          873    i.uart1_dma_callback  usart.o
    0x0800f390   0x00000002   Code   RO          874    i.uart3_dma_m0_callback  usart.o
    0x0800f392   0x00000002   Code   RO          875    i.uart3_dma_m1_callback  usart.o
    0x0800f394   0x00000028   Code   RO         5642    i.uxListRemove      list.o
    0x0800f3bc   0x00000018   Code   RO          336    i.vApplicationGetIdleTaskMemory  freertos.o
    0x0800f3d4   0x0000001a   Code   RO         5643    i.vListInitialise   list.o
    0x0800f3ee   0x00000006   Code   RO         5644    i.vListInitialiseItem  list.o
    0x0800f3f4   0x00000034   Code   RO         5645    i.vListInsert       list.o
    0x0800f428   0x00000018   Code   RO         5646    i.vListInsertEnd    list.o
    0x0800f440   0x00000054   Code   RO         6760    i.vPortEnterCritical  port.o
    0x0800f494   0x0000003c   Code   RO         6761    i.vPortExitCritical  port.o
    0x0800f4d0   0x00000094   Code   RO         6697    i.vPortFree         heap_4.o
    0x0800f564   0x00000028   Code   RO         6762    i.vPortSetupTimerInterrupt  port.o
    0x0800f58c   0x00000078   Code   RO         6763    i.vPortValidateInterruptPriority  port.o
    0x0800f604   0x0000005c   Code   RO         6025    i.vTaskDelay        tasks.o
    0x0800f660   0x00000018   Code   RO         6028    i.vTaskInternalSetTimeOutState  tasks.o
    0x0800f678   0x0000000c   Code   RO         6029    i.vTaskMissedYield  tasks.o
    0x0800f684   0x00000038   Code   RO         6031    i.vTaskPlaceOnEventList  tasks.o
    0x0800f6bc   0x000000b0   Code   RO         6038    i.vTaskStartScheduler  tasks.o
    0x0800f76c   0x00000010   Code   RO         6040    i.vTaskSuspendAll   tasks.o
    0x0800f77c   0x0000008c   Code   RO         6041    i.vTaskSwitchContext  tasks.o
    0x0800f808   0x00000040   Code   RO         7388    i.verify_crc16_check_sum  protocol.o
    0x0800f848   0x00000030   Code   RO         7389    i.verify_crc8_check_sum  protocol.o
    0x0800f878   0x00000168   Code   RO         6764    i.xPortStartScheduler  port.o
    0x0800f9e0   0x00000060   Code   RO         5698    i.xQueueGenericCreate  queue.o
    0x0800fa40   0x000000e0   Code   RO         5699    i.xQueueGenericCreateStatic  queue.o
    0x0800fb20   0x00000098   Code   RO         5700    i.xQueueGenericReset  queue.o
    0x0800fbb8   0x000001a8   Code   RO         5701    i.xQueueGenericSend  queue.o
    0x0800fd60   0x000000f8   Code   RO         5702    i.xQueueGenericSendFromISR  queue.o
    0x0800fe58   0x00000168   Code   RO         5708    i.xQueueReceive     queue.o
    0x0800ffc0   0x000000ca   Code   RO         5709    i.xQueueReceiveFromISR  queue.o
    0x0801008a   0x00000002   PAD
    0x0801008c   0x0000008c   Code   RO         6042    i.xTaskCheckForTimeOut  tasks.o
    0x08010118   0x00000064   Code   RO         6043    i.xTaskCreate       tasks.o
    0x0801017c   0x000000ba   Code   RO         6044    i.xTaskCreateStatic  tasks.o
    0x08010236   0x00000002   PAD
    0x08010238   0x00000020   Code   RO         6048    i.xTaskGetSchedulerState  tasks.o
    0x08010258   0x00000148   Code   RO         6051    i.xTaskIncrementTick  tasks.o
    0x080103a0   0x000000c8   Code   RO         6054    i.xTaskPriorityDisinherit  tasks.o
    0x08010468   0x00000098   Code   RO         6056    i.xTaskRemoveFromEventList  tasks.o
    0x08010500   0x00000104   Code   RO         6057    i.xTaskResumeAll    tasks.o
    0x08010604   0x00000120   Data   RO          338    .constdata          freertos.o
    0x08010724   0x00000008   Data   RO         2023    .constdata          stm32f4xx_hal_dma.o
    0x0801072c   0x00000628   Data   RO         5106    .constdata          oled.o
    0x08010d54   0x00000018   Data   RO         5506    .constdata          system_stm32f4xx.o
    0x08010d6c   0x00000302   Data   RO         7390    .constdata          protocol.o
    0x0801106e   0x00000002   PAD
    0x08011070   0x00000080   Data   RO         7895    .constdata          holder.o
    0x080110f0   0x00000140   Data   RO         8238    .constdata          m_wm.l(powf.o)
    0x08011230   0x0000002e   Data   RO          339    .conststring        freertos.o
    0x0801125e   0x00000002   PAD
    0x08011260   0x00000020   Data   RO         8626    Region$$Table       anon$$obj.o


    Execution Region RW_IRAM2 (Base: 0x10000000, Size: 0x00000000, Max: 0x00010000, ABSOLUTE)

    **** No section assigned to this execution region ****


    Execution Region RW_IRAM1 (Base: 0x20000000, Size: 0x00006810, Max: 0x00020000, ABSOLUTE, COMPRESSED[0x000002d8])

    Base Addr    Size         Type   Attr      Idx    E Section Name        Object

    0x20000000   0x00000030   Data   RW          340    .data               freertos.o
    0x20000030   0x00000008   Data   RW          492    .data               can.o
    0x20000038   0x00000007   Data   RW          878    .data               usart.o
    0x2000003f   0x00000001   PAD
    0x20000040   0x00000009   Data   RW         2455    .data               stm32f4xx_hal.o
    0x20000049   0x0000002f   Data   RW         5038    .data               key.o
    0x20000078   0x00000002   Data   RW         5107    .data               oled.o
    0x2000007a   0x00000002   PAD
    0x2000007c   0x00000011   Data   RW         5265    .data               imu_packet.o
    0x2000008d   0x00000001   PAD
    0x2000008e   0x00000013   Data   RW         5334    .data               imu_data_decode.o
    0x200000a1   0x00000003   PAD
    0x200000a4   0x00000004   Data   RW         5507    .data               system_stm32f4xx.o
    0x200000a8   0x0000003c   Data   RW         6060    .data               tasks.o
    0x200000e4   0x00000018   Data   RW         6702    .data               heap_4.o
    0x200000fc   0x0000000c   Data   RW         6765    .data               port.o
    0x20000108   0x00000016   Data   RW         7003    .data               message.o
    0x2000011e   0x00000002   Data   RW         7071    .data               ui.o
    0x20000120   0x00000031   Data   RW         7137    .data               ui_lib.o
    0x20000151   0x00000001   PAD
    0x20000152   0x0000000d   Data   RW         7181    .data               vision.o
    0x2000015f   0x00000001   Data   RW         7242    .data               dma_unpack.o
    0x20000160   0x00000002   Data   RW         7391    .data               protocol.o
    0x20000162   0x00000002   PAD
    0x20000164   0x0000016c   Data   RW         7432    .data               fast_tri_func.o
    0x200002d0   0x00000004   Data   RW         7462    .data               judge.o
    0x200002d4   0x00000006   Data   RW         7531    .data               judge_tx.o
    0x200002da   0x00000002   PAD
    0x200002dc   0x000000a2   Data   RW         7744    .data               chassis.o
    0x2000037e   0x00000002   PAD
    0x20000380   0x00000134   Data   RW         7896    .data               holder.o
    0x200004b4   0x0000008e   Data   RW         8014    .data               shoot.o
    0x20000542   0x00000002   PAD
    0x20000544   0x00000004   Data   RW         8609    .data               mc_w.l(errno.o)
    0x20000548   0x00000160   Zero   RW          337    .bss                freertos.o
    0x200006a8   0x00000048   Zero   RW          437    .bss                adc.o
    0x200006f0   0x00000080   Zero   RW          491    .bss                can.o
    0x20000770   0x00000054   Zero   RW          596    .bss                i2c.o
    0x200007c4   0x0000000c   Zero   RW          636    .bss                iwdg.o
    0x200007d0   0x00000058   Zero   RW          669    .bss                spi.o
    0x20000828   0x000001b8   Zero   RW          733    .bss                tim.o
    0x200009e0   0x00000bb4   Zero   RW          877    .bss                usart.o
    0x20001594   0x00000040   Zero   RW         1193    .bss                stm32f4xx_hal_timebase_tim.o
    0x200015d4   0x000000a8   Zero   RW         5333    .bss                imu_data_decode.o
    0x2000167c   0x000000f0   Zero   RW         6059    .bss                tasks.o
    0x2000176c   0x00003c00   Zero   RW         6701    .bss                heap_4.o
    0x2000536c   0x0000000c   Zero   RW         7002    .bss                message.o
    0x20005378   0x00000280   Zero   RW         7070    .bss                ui.o
    0x200055f8   0x00000118   Zero   RW         7180    .bss                vision.o
    0x20005710   0x000002fc   Zero   RW         7461    .bss                judge.o
    0x20005a0c   0x000000c0   Zero   RW         7530    .bss                judge_tx.o
    0x20005acc   0x0000008f   Zero   RW         7641    .bss                judge_rx.o
    0x20005b5b   0x00000001   PAD
    0x20005b5c   0x000001c0   Zero   RW         7743    .bss                chassis.o
    0x20005d1c   0x000002a4   Zero   RW         7894    .bss                holder.o
    0x20005fc0   0x00000348   Zero   RW         8013    .bss                shoot.o
    0x20006308   0x00000108   Zero   RW         8125    .bss                adrc.o
    0x20006410   0x00000400   Zero   RW            1    STACK               startup_stm32f407xx.o


==============================================================================

Image component sizes


      Code (inc. data)   RO Data    RW Data    ZI Data      Debug   Object Name

       316         38          0          0         72       2173   adc.o
      1356         40          0          0        264       7450   adrc.o
      1716        132          0          8        128       6231   can.o
      4870        318          0        162        448      17189   chassis.o
       450         10          0          0          0      30371   cmsis_os.o
       210          0          0          0          0       3071   data_fifo.o
       120          6          0          0          0        782   dma.o
       734         16          0          1          0       4386   dma_unpack.o
         0          0          0          0          0      18772   event_groups.o
       136          8          0        364          0       1838   fast_tri_func.o
      1046        136        334         48        352       7657   freertos.o
       316         18          0          0          0       1055   gpio.o
       692         62          0         24      15360       7163   heap_4.o
      2642        444        128        308        676      14185   holder.o
       196         26          0          0         84       1569   i2c.o
       460         54          0         19        168       3041   imu_data_decode.o
       512         40          0         17          0       4272   imu_packet.o
        40          8          0          0         12        647   iwdg.o
       412         80          0          4        764       5034   judge.o
       440         50          0          0        143       5648   judge_rx.o
      5046        202          0          6        192      11655   judge_tx.o
       628         76          0         47          0       5016   key.o
       148          0          0          0          0       3430   list.o
       410         26          0          0          0     767744   main.o
       708         46          0         22         12       4968   message.o
       536         40          0          0          0       5716   misc_func.o
        56          0          0          0          0        922   motor.o
      1030         20       1576          2          0       7134   oled.o
       650          8          0          0          0       5675   pid.o
      1014         92          0         12          0      11813   port.o
       286         18        770          2          0       4930   protocol.o
      2094         14          0          0          0      17389   queue.o
      2208        322          0        142        840      13023   shoot.o
       208         24          0          0         88       1589   spi.o
        36          8        392          0       1024        816   startup_stm32f407xx.o
        96         20          0          9          0       7966   stm32f4xx_hal.o
      1370         54          0          0          0       4918   stm32f4xx_hal_adc.o
       552         12          0          0          0       1362   stm32f4xx_hal_adc_ex.o
      2134          6          0          0          0      13835   stm32f4xx_hal_can.o
       252         22          0          0          0      33518   stm32f4xx_hal_cortex.o
      1358         22          8          0          0       6765   stm32f4xx_hal_dma.o
      4056         36          0          0          0       4104   stm32f4xx_hal_dma_ex.o
       542         46          0          0          0       2837   stm32f4xx_hal_gpio.o
      2040         42          0          0          0       8889   stm32f4xx_hal_i2c.o
        94          0          0          0          0       1671   stm32f4xx_hal_iwdg.o
        84          6          0          0          0        822   stm32f4xx_hal_msp.o
      1868         94          0          0          0       6077   stm32f4xx_hal_rcc.o
       140          0          0          0          0       1115   stm32f4xx_hal_spi.o
      1602         90          0          0          0      11298   stm32f4xx_hal_tim.o
       300         30          0          0          0       3193   stm32f4xx_hal_tim_ex.o
       140         18          0          0         64       1403   stm32f4xx_hal_timebase_tim.o
      2598         26          0          0          0      13944   stm32f4xx_hal_uart.o
       296         98          0          0          0       9940   stm32f4xx_it.o
        28          4         24          4          0       1099   system_stm32f4xx.o
      2774        340          0         60        240      25160   tasks.o
      1572        166          0          0        440      10797   tim.o
       744        318          0          2        640       5205   ui.o
      2240        134          0         49          0       4493   ui_lib.o
      1654        230          0          7       2996      11280   usart.o
       564         48          0         13        280       8441   vision.o

    ----------------------------------------------------------------------
     60874       4244       3268       1348      25288    1204486   Object Totals
         0          0         32          0          0          0   (incl. Generated)
        54          0          4         16          1          0   (incl. Padding)

    ----------------------------------------------------------------------

      Code (inc. data)   RO Data    RW Data    ZI Data      Debug   Library Member Name

        38          0          0          0          0        116   fpclassifyf.o
        74         24          0          0          0        580   funder.o
      1548        110        320          0          0        268   powf.o
        86          0          0          0          0          0   __dczerorl2.o
         0          0          0          0          0          0   entry.o
         0          0          0          0          0          0   entry10a.o
         0          0          0          0          0          0   entry11a.o
         8          4          0          0          0          0   entry2.o
         4          0          0          0          0          0   entry5.o
         0          0          0          0          0          0   entry7b.o
         0          0          0          0          0          0   entry8b.o
         8          4          0          0          0          0   entry9a.o
        12          6          0          4          0         68   errno.o
        30          0          0          0          0          0   handlers.o
        36          8          0          0          0         68   init.o
         0          0          0          0          0          0   iusefp.o
        30          0          0          0          0         68   llshl.o
        36          0          0          0          0         68   llsshr.o
        32          0          0          0          0         68   llushr.o
        36          0          0          0          0         68   memcpya.o
        36          0          0          0          0        108   memseta.o
      2280         92          0          0          0        592   printfa.o
        44          0          0          0          0         80   uidiv.o
        98          0          0          0          0         92   uldiv.o
        48          0          0          0          0         68   cdrcmple.o
        56          0          0          0          0         88   d2f.o
       334          0          0          0          0        148   dadd.o
       222          0          0          0          0        100   ddiv.o
       186          0          0          0          0        176   depilogue.o
        62          0          0          0          0         80   dfixi.o
        48          0          0          0          0         68   dfixul.o
        34          0          0          0          0         76   dflti.o
       228          0          0          0          0         96   dmul.o
        38          0          0          0          0         68   f2d.o
       110          0          0          0          0        168   fepilogue.o

    ----------------------------------------------------------------------
      5810        248        320          4          0       3380   Library Totals
         8          0          0          0          0          0   (incl. Padding)

    ----------------------------------------------------------------------

      Code (inc. data)   RO Data    RW Data    ZI Data      Debug   Library Name

      1660        134        320          0          0        964   m_wm.l
      2776        114          0          4          0       1280   mc_w.l
      1366          0          0          0          0       1136   mf_w.l

    ----------------------------------------------------------------------
      5810        248        320          4          0       3380   Library Totals

    ----------------------------------------------------------------------

==============================================================================


      Code (inc. data)   RO Data    RW Data    ZI Data      Debug   

     66684       4492       3588       1352      25288    1166502   Grand Totals
     66684       4492       3588        728      25288    1166502   ELF Image Totals (compressed)
     66684       4492       3588        728          0          0   ROM Totals

==============================================================================

    Total RO  Size (Code + RO Data)                70272 (  68.63kB)
    Total RW  Size (RW Data + ZI Data)             26640 (  26.02kB)
    Total ROM Size (Code + RO Data + RW Data)      71000 (  69.34kB)

==============================================================================

